Component: Arm Compiler for Embedded 6.23 Tool: armlink [5f102400]

==============================================================================

Section Cross References

    startup_stm32f103xb.o(STACK) refers (Special) to heapauxi.o(.text) for __use_two_region_memory
    startup_stm32f103xb.o(HEAP) refers (Special) to heapauxi.o(.text) for __use_two_region_memory
    startup_stm32f103xb.o(RESET) refers (Special) to heapauxi.o(.text) for __use_two_region_memory
    startup_stm32f103xb.o(RESET) refers to startup_stm32f103xb.o(STACK) for __initial_sp
    startup_stm32f103xb.o(RESET) refers to startup_stm32f103xb.o(.text) for Reset_Handler
    startup_stm32f103xb.o(RESET) refers to stm32f1xx_it.o(.text.NMI_Handler) for NMI_Handler
    startup_stm32f103xb.o(RESET) refers to stm32f1xx_it.o(.text.HardFault_Handler) for HardFault_Handler
    startup_stm32f103xb.o(RESET) refers to stm32f1xx_it.o(.text.MemManage_Handler) for MemManage_Handler
    startup_stm32f103xb.o(RESET) refers to stm32f1xx_it.o(.text.BusFault_Handler) for BusFault_Handler
    startup_stm32f103xb.o(RESET) refers to stm32f1xx_it.o(.text.UsageFault_Handler) for UsageFault_Handler
    startup_stm32f103xb.o(RESET) refers to stm32f1xx_it.o(.text.SVC_Handler) for SVC_Handler
    startup_stm32f103xb.o(RESET) refers to stm32f1xx_it.o(.text.DebugMon_Handler) for DebugMon_Handler
    startup_stm32f103xb.o(RESET) refers to stm32f1xx_it.o(.text.PendSV_Handler) for PendSV_Handler
    startup_stm32f103xb.o(RESET) refers to stm32f1xx_it.o(.text.SysTick_Handler) for SysTick_Handler
    startup_stm32f103xb.o(RESET) refers to stm32f1xx_it.o(.text.TIM2_IRQHandler) for TIM2_IRQHandler
    startup_stm32f103xb.o(RESET) refers to stm32f1xx_it.o(.text.TIM3_IRQHandler) for TIM3_IRQHandler
    startup_stm32f103xb.o(RESET) refers to stm32f1xx_it.o(.text.TIM4_IRQHandler) for TIM4_IRQHandler
    startup_stm32f103xb.o(RESET) refers to stm32f1xx_it.o(.text.USART1_IRQHandler) for USART1_IRQHandler
    startup_stm32f103xb.o(RESET) refers to stm32f1xx_it.o(.text.USART2_IRQHandler) for USART2_IRQHandler
    startup_stm32f103xb.o(.text) refers (Special) to heapauxi.o(.text) for __use_two_region_memory
    startup_stm32f103xb.o(.text) refers to system_stm32f1xx.o(.text.SystemInit) for SystemInit
    startup_stm32f103xb.o(.text) refers to __main.o(!!!main) for __main
    startup_stm32f103xb.o(.text) refers to startup_stm32f103xb.o(HEAP) for Heap_Mem
    startup_stm32f103xb.o(.text) refers to startup_stm32f103xb.o(STACK) for Stack_Mem
    esp8266.o(.text) refers (Special) to _printf_percent.o(.ARM.Collect$$_printf_percent$$00000000) for _printf_percent
    esp8266.o(.text) refers (Special) to _printf_s.o(.ARM.Collect$$_printf_percent$$00000014) for _printf_s
    esp8266.o(.text) refers (Special) to _printf_d.o(.ARM.Collect$$_printf_percent$$00000009) for _printf_d
    esp8266.o(.text) refers (Special) to _printf_dec.o(.text) for _printf_int_dec
    esp8266.o(.text) refers (Special) to _printf_str.o(.text) for _printf_str
    esp8266.o(.text.HAL_UART_RxCpltCallback) refers (Special) to _printf_percent.o(.ARM.Collect$$_printf_percent$$00000000) for _printf_percent
    esp8266.o(.text.HAL_UART_RxCpltCallback) refers (Special) to _printf_s.o(.ARM.Collect$$_printf_percent$$00000014) for _printf_s
    esp8266.o(.text.HAL_UART_RxCpltCallback) refers (Special) to _printf_d.o(.ARM.Collect$$_printf_percent$$00000009) for _printf_d
    esp8266.o(.text.HAL_UART_RxCpltCallback) refers (Special) to _printf_dec.o(.text) for _printf_int_dec
    esp8266.o(.text.HAL_UART_RxCpltCallback) refers (Special) to _printf_str.o(.text) for _printf_str
    esp8266.o(.text.HAL_UART_RxCpltCallback) refers to esp8266.o(.bss.strEsp8266_Fram_Record) for strEsp8266_Fram_Record
    esp8266.o(.text.HAL_UART_RxCpltCallback) refers to usart.o(.bss.huart1) for huart1
    esp8266.o(.text.HAL_UART_RxCpltCallback) refers to stm32f1xx_hal_uart.o(.text.HAL_UART_Receive_IT) for HAL_UART_Receive_IT
    esp8266.o(.ARM.exidx.text.HAL_UART_RxCpltCallback) refers (Special) to _printf_percent.o(.ARM.Collect$$_printf_percent$$00000000) for _printf_percent
    esp8266.o(.ARM.exidx.text.HAL_UART_RxCpltCallback) refers (Special) to _printf_s.o(.ARM.Collect$$_printf_percent$$00000014) for _printf_s
    esp8266.o(.ARM.exidx.text.HAL_UART_RxCpltCallback) refers (Special) to _printf_d.o(.ARM.Collect$$_printf_percent$$00000009) for _printf_d
    esp8266.o(.ARM.exidx.text.HAL_UART_RxCpltCallback) refers (Special) to _printf_dec.o(.text) for _printf_int_dec
    esp8266.o(.ARM.exidx.text.HAL_UART_RxCpltCallback) refers (Special) to _printf_str.o(.text) for _printf_str
    esp8266.o(.ARM.exidx.text.HAL_UART_RxCpltCallback) refers to esp8266.o(.text.HAL_UART_RxCpltCallback) for [Anonymous Symbol]
    esp8266.o(.text.UART2_Debug_Print) refers (Special) to _printf_percent.o(.ARM.Collect$$_printf_percent$$00000000) for _printf_percent
[...]
    [Anonymous Symbol]                       0x08004694   Section        0  system_stm32f1xx.o(.text.SystemInit)
    [Anonymous Symbol]                       0x08004698   Section        0  stm32f1xx_it.o(.text.TIM2_IRQHandler)
    [Anonymous Symbol]                       0x080046a4   Section        0  stm32f1xx_it.o(.text.TIM3_IRQHandler)
    [Anonymous Symbol]                       0x080046b0   Section        0  stm32f1xx_it.o(.text.TIM4_IRQHandler)
    [Anonymous Symbol]                       0x080046bc   Section        0  esp8266.o(.text.UART2_Debug_Print)
    UART_DMAAbortOnError                     0x08004725   Thumb Code    12  stm32f1xx_hal_uart.o(.text.UART_DMAAbortOnError)
    [Anonymous Symbol]                       0x08004724   Section        0  stm32f1xx_hal_uart.o(.text.UART_DMAAbortOnError)
    UART_DMARxOnlyAbortCallback              0x08004731   Thumb Code    18  stm32f1xx_hal_uart.o(.text.UART_DMARxOnlyAbortCallback)
    [Anonymous Symbol]                       0x08004730   Section        0  stm32f1xx_hal_uart.o(.text.UART_DMARxOnlyAbortCallback)
    UART_Receive_IT                          0x08004745   Thumb Code   254  stm32f1xx_hal_uart.o(.text.UART_Receive_IT)
    [Anonymous Symbol]                       0x08004744   Section        0  stm32f1xx_hal_uart.o(.text.UART_Receive_IT)
    [Anonymous Symbol]                       0x08004844   Section        0  stm32f1xx_it.o(.text.USART1_IRQHandler)
    [Anonymous Symbol]                       0x08004850   Section        0  stm32f1xx_it.o(.text.USART2_IRQHandler)
    [Anonymous Symbol]                       0x0800485c   Section        0  stm32f1xx_it.o(.text.UsageFault_Handler)
    [Anonymous Symbol]                       0x08004860   Section        0  main.o(.text.main)
    [Anonymous Symbol]                       0x080049fc   Section        0  esp8266.o(.text.main_loop_task)
    CL$$btod_d2e                             0x08004b44   Section       62  btod.o(CL$$btod_d2e)
    CL$$btod_d2e_denorm_low                  0x08004b82   Section       70  btod.o(CL$$btod_d2e_denorm_low)
    CL$$btod_d2e_norm_op1                    0x08004bc8   Section       96  btod.o(CL$$btod_d2e_norm_op1)
    CL$$btod_div_common                      0x08004c28   Section      824  btod.o(CL$$btod_div_common)
    CL$$btod_e2e                             0x08004f60   Section      220  btod.o(CL$$btod_e2e)
    CL$$btod_ediv                            0x0800503c   Section       42  btod.o(CL$$btod_ediv)
    CL$$btod_emul                            0x08005066   Section       42  btod.o(CL$$btod_emul)
    CL$$btod_mult_common                     0x08005090   Section      580  btod.o(CL$$btod_mult_common)
    i.__ARM_fpclassify                       0x080052d4   Section        0  fpclassify.o(i.__ARM_fpclassify)
    i._is_digit                              0x080052fc   Section        0  __printf_wp.o(i._is_digit)
    locale$$code                             0x0800530c   Section       44  lc_ctype_c.o(locale$$code)
    locale$$code                             0x08005338   Section       44  lc_numeric_c.o(locale$$code)
    x$fpl$printf1                            0x08005364   Section        4  printf1.o(x$fpl$printf1)
    x$fpl$printf2                            0x08005368   Section        4  printf2.o(x$fpl$printf2)
    maptable                                 0x0800536c   Data          17  __printf_flags_ss_wp.o(.constdata)
    .constdata                               0x0800536c   Section       17  __printf_flags_ss_wp.o(.constdata)
    x$fpl$usenofp                            0x0800536c   Section        0  usenofp.o(x$fpl$usenofp)
    initial_mbstate                          0x08005380   Data           8  _printf_wctomb.o(.constdata)
    .constdata                               0x08005380   Section        8  _printf_wctomb.o(.constdata)
    uc_hextab                                0x08005388   Data          20  _printf_hex_int_ll_ptr.o(.constdata)
    .constdata                               0x08005388   Section       40  _printf_hex_int_ll_ptr.o(.constdata)
    lc_hextab                                0x0800539c   Data          20  _printf_hex_int_ll_ptr.o(.constdata)
    lc_hextab                                0x080053b0   Data          19  _printf_fp_hex.o(.constdata)
    .constdata                               0x080053b0   Section       38  _printf_fp_hex.o(.constdata)
    uc_hextab                                0x080053c3   Data          19  _printf_fp_hex.o(.constdata)
    tenpwrs_x                                0x080053d8   Data          60  bigflt0.o(.constdata)
    .constdata                               0x080053d8   Section      148  bigflt0.o(.constdata)
    tenpwrs_i                                0x08005414   Data          64  bigflt0.o(.constdata)
    HAL_RCC_GetSysClockFreq.aPredivFactorTable 0x08005484   Data           2  stm32f1xx_hal_rcc.o(.rodata.HAL_RCC_GetSysClockFreq.aPredivFactorTable)
    [Anonymous Symbol]                       0x08005484   Section        0  stm32f1xx_hal_rcc.o(.rodata.HAL_RCC_GetSysClockFreq.aPredivFactorTable)
    HAL_RCC_GetSysClockFreq.aPLLMULFactorTable 0x08005486   Data          16  stm32f1xx_hal_rcc.o(.rodata.cst16)
    [Anonymous Symbol]                       0x08005486   Section        0  stm32f1xx_hal_rcc.o(.rodata.cst16)
    .L.str.142                               0x08005496   Data          31  esp8266.o(.rodata.str1.1)
    [Anonymous Symbol]                       0x08005496   Section        0  esp8266.o(.rodata.str1.1)
    .L.str.132                               0x080054b5   Data          51  esp8266.o(.rodata.str1.1)
    .L.str.96                                0x080054e8   Data          44  esp8266.o(.rodata.str1.1)
    .L.str.91                                0x08005514   Data          63  esp8266.o(.rodata.str1.1)
    .L.str.12                                0x08005553   Data          52  esp8266.o(.rodata.str1.1)
    .L.str.18                                0x080055ae   Data          13  esp8266.o(.rodata.str1.1)
    .L.str.19                                0x080055bb   Data          27  esp8266.o(.rodata.str1.1)
    .L.str.14                                0x080055c0   Data          44  esp8266.o(.rodata.str1.1)
    .L.str.22                                0x080055e9   Data           8  esp8266.o(.rodata.str1.1)
    .L.str.141                               0x080055ec   Data          42  esp8266.o(.rodata.str1.1)
    .L.str.24                                0x08005602   Data          29  esp8266.o(.rodata.str1.1)
    .L.str.25                                0x0800561f   Data          38  esp8266.o(.rodata.str1.1)
    .L.str.31                                0x0800566c   Data          50  esp8266.o(.rodata.str1.1)
    .L.str.32                                0x0800569e   Data          54  esp8266.o(.rodata.str1.1)
    .L.str.104                               0x080056ca   Data          60  esp8266.o(.rodata.str1.1)
    .L.str.33                                0x080056d4   Data          65  esp8266.o(.rodata.str1.1)
    .L.str.131                               0x08005706   Data          36  esp8266.o(.rodata.str1.1)
    .L.str.40                                0x08005715   Data          13  esp8266.o(.rodata.str1.1)
    .L.str.41                                0x08005722   Data          13  esp8266.o(.rodata.str1.1)
    .L.str.43                                0x0800572f   Data          45  esp8266.o(.rodata.str1.1)
    .L.str.44                                0x0800575c   Data          54  esp8266.o(.rodata.str1.1)
    .L.str.45                                0x08005792   Data          12  esp8266.o(.rodata.str1.1)
    .L.str.50                                0x0800579e   Data          65  esp8266.o(.rodata.str1.1)
    .L.str.53                                0x080057df   Data           8  esp8266.o(.rodata.str1.1)
    .L.str.57                                0x080057e7   Data          20  esp8266.o(.rodata.str1.1)
    .L.str.58                                0x080057fb   Data          57  esp8266.o(.rodata.str1.1)
    .L.str.61                                0x08005834   Data          46  esp8266.o(.rodata.str1.1)
    .L.str.62                                0x08005862   Data          57  esp8266.o(.rodata.str1.1)
    .L.str.63                                0x0800589b   Data          49  esp8266.o(.rodata.str1.1)
    .L.str.65                                0x080058cc   Data          56  esp8266.o(.rodata.str1.1)
    .L.str.66                                0x08005904   Data          26  esp8266.o(.rodata.str1.1)
    .L.str.67                                0x0800591e   Data          14  esp8266.o(.rodata.str1.1)
    .L.str.68                                0x0800592c   Data          51  esp8266.o(.rodata.str1.1)
    .L.str.105                               0x08005945   Data          50  esp8266.o(.rodata.str1.1)
    .L.str.70                                0x0800595f   Data          49  esp8266.o(.rodata.str1.1)
    .L.str.72                                0x08005990   Data          41  esp8266.o(.rodata.str1.1)
    .L.str.110                               0x080059a9   Data          46  esp8266.o(.rodata.str1.1)
    .L.str.73                                0x080059b9   Data          13  esp8266.o(.rodata.str1.1)
    .L.str.74                                0x080059c6   Data          11  esp8266.o(.rodata.str1.1)
    .L.str.75                                0x080059d1   Data          70  esp8266.o(.rodata.str1.1)
    .L.str.93                                0x080059d7   Data          53  esp8266.o(.rodata.str1.1)
    .L.str.76                                0x08005a17   Data          51  esp8266.o(.rodata.str1.1)
    .L.str.100                               0x08005a20   Data          38  esp8266.o(.rodata.str1.1)
    .L.str.77                                0x08005a4a   Data          75  esp8266.o(.rodata.str1.1)
    .L.str.117                               0x08005a74   Data          41  esp8266.o(.rodata.str1.1)
    .L.str.78                                0x08005a95   Data          60  esp8266.o(.rodata.str1.1)
    .L.str.98                                0x08005a9d   Data         123  esp8266.o(.rodata.str1.1)
    .L.str.79                                0x08005ad1   Data          75  esp8266.o(.rodata.str1.1)
    .L.str.87                                0x08005b18   Data           7  esp8266.o(.rodata.str1.1)
    .L.str.80                                0x08005b1c   Data          50  esp8266.o(.rodata.str1.1)
    .L.str.103                               0x08005b1f   Data          15  esp8266.o(.rodata.str1.1)
    .L.str.10                                0x08005b39   Data           3  esp8266.o(.rodata.str1.1)
    .L.str.1                                 0x08005b51   Data          31  esp8266.o(.rodata.str1.1)
    .L.str.9                                 0x08005b79   Data           3  esp8266.o(.rodata.str1.1)
    .L.str.15                                0x08005b7c   Data           7  esp8266.o(.rodata.str1.1)
    .L.str.97                                0x08005b83   Data          11  esp8266.o(.rodata.str1.1)
    .L.str.112                               0x08005ba8   Data          22  esp8266.o(.rodata.str1.1)
    .L.str.102                               0x08005bbe   Data          26  esp8266.o(.rodata.str1.1)
    .L.str.125                               0x08005be5   Data          83  esp8266.o(.rodata.str1.1)
    .L.str.6                                 0x08005c38   Data          38  esp8266.o(.rodata.str1.1)
    .L.str.85                                0x08005c5e   Data          38  esp8266.o(.rodata.str1.1)
    .L.str.99                                0x08005ce2   Data          45  esp8266.o(.rodata.str1.1)
    .L.str.16                                0x08005d0f   Data          37  esp8266.o(.rodata.str1.1)
    .L.str.108                               0x08005d34   Data          73  esp8266.o(.rodata.str1.1)
    .L.str.20                                0x08005df9   Data          10  esp8266.o(.rodata.str1.1)
    .L.str.95                                0x08005e03   Data           5  esp8266.o(.rodata.str1.1)
    .L.str.134                               0x08005e08   Data           6  esp8266.o(.rodata.str1.1)
    .L.str.121                               0x08005e0e   Data           5  esp8266.o(.rodata.str1.1)
    .L.str.94                                0x08005eb0   Data          40  esp8266.o(.rodata.str1.1)
    .L.str.8                                 0x08005ed8   Data          30  esp8266.o(.rodata.str1.1)
    .L.str.11                                0x08005f13   Data          32  esp8266.o(.rodata.str1.1)
    .L.str.138                               0x08005f33   Data          31  esp8266.o(.rodata.str1.1)
    .L.str.116                               0x08005f52   Data          41  esp8266.o(.rodata.str1.1)
    .L.str.133                               0x08005f79   Data          98  esp8266.o(.rodata.str1.1)
    .L.str.90                                0x08005f7b   Data          51  esp8266.o(.rodata.str1.1)
    .L.str.140                               0x0800603d   Data         132  esp8266.o(.rodata.str1.1)
    locale$$data                             0x080060e4   Section      272  lc_ctype_c.o(locale$$data)
    __lcctype_c_name                         0x080060e8   Data           2  lc_ctype_c.o(locale$$data)
    __lcctype_c_start                        0x080060f0   Data           0  lc_ctype_c.o(locale$$data)
    __lcctype_c_end                          0x080061f4   Data           0  lc_ctype_c.o(locale$$data)
    locale$$data                             0x080061f4   Section       28  lc_numeric_c.o(locale$$data)
    __lcnum_c_name                           0x080061f8   Data           2  lc_numeric_c.o(locale$$data)
    __lcnum_c_start                          0x08006200   Data           0  lc_numeric_c.o(locale$$data)
    __lcnum_c_point                          0x0800620c   Data           0  lc_numeric_c.o(locale$$data)
    __lcnum_c_thousands                      0x0800620e   Data           0  lc_numeric_c.o(locale$$data)
    __lcnum_c_grouping                       0x0800620f   Data           0  lc_numeric_c.o(locale$$data)
    __lcnum_c_end                            0x08006210   Data           0  lc_numeric_c.o(locale$$data)
    .L_MergedGlobals                         0x20000000   Data           8  stm32f1xx_hal.o(.data..L_MergedGlobals)
    [Anonymous Symbol]                       0x20000000   Section        0  stm32f1xx_hal.o(.data..L_MergedGlobals)
    .bss                                     0x20000010   Section       96  libspace.o(.bss)
    .L_MergedGlobals                         0x20000070   Data           8  main.o(.bss..L_MergedGlobals)
    [Anonymous Symbol]                       0x20000070   Section        0  main.o(.bss..L_MergedGlobals)
    g_last_mqtt_send_tick                    0x20000074   Data           4  main.o(.bss..L_MergedGlobals)
    Heap_Mem                                 0x20000ef0   Data         512  startup_stm32f103xb.o(HEAP)
    HEAP                                     0x20000ef0   Section      512  startup_stm32f103xb.o(HEAP)
    Stack_Mem                                0x200010f0   Data        1024  startup_stm32f103xb.o(STACK)
    STACK                                    0x200010f0   Section     1024  startup_stm32f103xb.o(STACK)
    __initial_sp                             0x200014f0   Data           0  startup_stm32f103xb.o(STACK)

    Global Symbols

    Symbol Name                              Value     Ov Type        Size  Object(Section)

    BuildAttributes$$THM_ISAv4$P$D$K$B$S$PE$A:L22UL41UL21$X:L11$S22US41US21$IEEE1$IW$~IW$USESV6$~STKCKD$USESV7$~SHL$OTIME$ROPI$IEEEJ$EBA8$UX$STANDARDLIB$REQ8$PRES8$EABIv2 0x00000000   Number         0  anon$$obj.o ABSOLUTE
    __fp_init_empty                          0x00000000   Number         0  fpinit_empty.o ABSOLUTE
    _printf_flags                            0x00000000   Number         0  printf_stubs.o ABSOLUTE
    _printf_return_value                     0x00000000   Number         0  printf_stubs.o ABSOLUTE
    _printf_sizespec                         0x00000000   Number         0  printf_stubs.o ABSOLUTE
    _printf_widthprec                        0x00000000   Number         0  printf_stubs.o ABSOLUTE
    __ARM_exceptions_init                     - Undefined Weak Reference
    __alloca_initialize                       - Undefined Weak Reference
    __arm_preinit_                            - Undefined Weak Reference
    __arm_relocate_pie_                       - Undefined Weak Reference
    __cpp_initialize__aeabi_                  - Undefined Weak Reference
    __cxa_finalize                            - Undefined Weak Reference
    __sigvec_lookup                           - Undefined Weak Reference
    _atexit_init                              - Undefined Weak Reference
    _call_atexit_fns                          - Undefined Weak Reference
    _clock_init                               - Undefined Weak Reference
    _fp_trap_init                             - Undefined Weak Reference
    _fp_trap_shutdown                         - Undefined Weak Reference
    _get_lc_collate                           - Undefined Weak Reference
    _get_lc_monetary                          - Undefined Weak Reference
    _get_lc_time                              - Undefined Weak Reference
    _getenv_init                              - Undefined Weak Reference
    _handle_redirection                       - Undefined Weak Reference
    _init_alloc                               - Undefined Weak Reference
    _init_user_alloc                          - Undefined Weak Reference
    _initio                                   - Undefined Weak Reference
    _printf_mbtowc                            - Undefined Weak Reference
    _printf_wc                                - Undefined Weak Reference
    _rand_init                                - Undefined Weak Reference
    _signal_finish                            - Undefined Weak Reference
    _signal_init                              - Undefined Weak Reference
    _terminate_alloc                          - Undefined Weak Reference
    _terminate_user_alloc                     - Undefined Weak Reference
    _terminateio                              - Undefined Weak Reference
    __Vectors_Size                           0x000000ec   Number         0  startup_stm32f103xb.o ABSOLUTE
    __Vectors                                0x08000000   Data           4  startup_stm32f103xb.o(RESET)
    __Vectors_End                            0x080000ec   Data           0  startup_stm32f103xb.o(RESET)
    __main                                   0x080000ed   Thumb Code     8  __main.o(!!!main)
    __scatterload                            0x080000f5   Thumb Code     0  __scatter.o(!!!scatter)
    __scatterload_rt2                        0x080000f5   Thumb Code    84  __scatter.o(!!!scatter)
    __scatterload_rt2_thumb_only             0x080000f5   Thumb Code     0  __scatter.o(!!!scatter)
    __scatterload_loop                       0x080000ff   Thumb Code     0  __scatter.o(!!!scatter)
    __scatterload_copy                       0x08000151   Thumb Code    26  __scatter_copy.o(!!handler_copy)
    __scatterload_null                       0x0800016d   Thumb Code     2  __scatter.o(!!handler_null)
    __scatterload_zeroinit                   0x08000171   Thumb Code    28  __scatter_zi.o(!!handler_zi)
    _printf_n                                0x0800018d   Thumb Code     0  _printf_n.o(.ARM.Collect$$_printf_percent$$00000001)
    _printf_percent                          0x0800018d   Thumb Code     0  _printf_percent.o(.ARM.Collect$$_printf_percent$$00000000)
    _printf_p                                0x08000193   Thumb Code     0  _printf_p.o(.ARM.Collect$$_printf_percent$$00000002)
    _printf_f                                0x08000199   Thumb Code     0  _printf_f.o(.ARM.Collect$$_printf_percent$$00000003)
    _printf_e                                0x0800019f   Thumb Code     0  _printf_e.o(.ARM.Collect$$_printf_percent$$00000004)
    _printf_g                                0x080001a5   Thumb Code     0  _printf_g.o(.ARM.Collect$$_printf_percent$$00000005)
    _printf_a                                0x080001ab   Thumb Code     0  _printf_a.o(.ARM.Collect$$_printf_percent$$00000006)
    _printf_ll                               0x080001b1   Thumb Code     0  _printf_ll.o(.ARM.Collect$$_printf_percent$$00000007)
    _printf_i                                0x080001bb   Thumb Code     0  _printf_i.o(.ARM.Collect$$_printf_percent$$00000008)
    _printf_d                                0x080001c1   Thumb Code     0  _printf_d.o(.ARM.Collect$$_printf_percent$$00000009)
    _printf_u                                0x080001c7   Thumb Code     0  _printf_u.o(.ARM.Collect$$_printf_percent$$0000000A)
    _printf_o                                0x080001cd   Thumb Code     0  _printf_o.o(.ARM.Collect$$_printf_percent$$0000000B)
    _printf_x                                0x080001d3   Thumb Code     0  _printf_x.o(.ARM.Collect$$_printf_percent$$0000000C)
    _printf_lli                              0x080001d9   Thumb Code     0  _printf_lli.o(.ARM.Collect$$_printf_percent$$0000000D)
    _printf_lld                              0x080001df   Thumb Code     0  _printf_lld.o(.ARM.Collect$$_printf_percent$$0000000E)
    _printf_llu                              0x080001e5   Thumb Code     0  _printf_llu.o(.ARM.Collect$$_printf_percent$$0000000F)
    _printf_llo                              0x080001eb   Thumb Code     0  _printf_llo.o(.ARM.Collect$$_printf_percent$$00000010)
    _printf_llx                              0x080001f1   Thumb Code     0  _printf_llx.o(.ARM.Collect$$_printf_percent$$00000011)
    _printf_l                                0x080001f7   Thumb Code     0  _printf_l.o(.ARM.Collect$$_printf_percent$$00000012)
    _printf_c                                0x08000201   Thumb Code     0  _printf_c.o(.ARM.Collect$$_printf_percent$$00000013)
    _printf_s                                0x08000207   Thumb Code     0  _printf_s.o(.ARM.Collect$$_printf_percent$$00000014)
    _printf_lc                               0x0800020d   Thumb Code     0  _printf_lc.o(.ARM.Collect$$_printf_percent$$00000015)
    _printf_ls                               0x08000213   Thumb Code     0  _printf_ls.o(.ARM.Collect$$_printf_percent$$00000016)
    _printf_percent_end                      0x08000219   Thumb Code     0  _printf_percent_end.o(.ARM.Collect$$_printf_percent$$00000017)
    __rt_lib_init                            0x0800021d   Thumb Code     0  libinit.o(.ARM.Collect$$libinit$$00000000)
    __rt_lib_init_fp_1                       0x0800021f   Thumb Code     0  libinit2.o(.ARM.Collect$$libinit$$00000002)
    __rt_lib_init_heap_1                     0x0800021f   Thumb Code     0  libinit2.o(.ARM.Collect$$libinit$$0000000C)
    __rt_lib_init_lc_common                  0x0800021f   Thumb Code     0  libinit2.o(.ARM.Collect$$libinit$$00000011)
    __rt_lib_init_preinit_1                  0x0800021f   Thumb Code     0  libinit2.o(.ARM.Collect$$libinit$$00000006)
    __rt_lib_init_rand_1                     0x0800021f   Thumb Code     0  libinit2.o(.ARM.Collect$$libinit$$00000010)
    __rt_lib_init_relocate_pie_1             0x0800021f   Thumb Code     0  libinit2.o(.ARM.Collect$$libinit$$00000004)
    __rt_lib_init_user_alloc_1               0x0800021f   Thumb Code     0  libinit2.o(.ARM.Collect$$libinit$$0000000E)
    __rt_lib_init_lc_collate_1               0x08000225   Thumb Code     0  libinit2.o(.ARM.Collect$$libinit$$00000013)
    __rt_lib_init_lc_ctype_2                 0x08000225   Thumb Code     0  libinit2.o(.ARM.Collect$$libinit$$00000014)
    __rt_lib_init_lc_ctype_1                 0x08000231   Thumb Code     0  libinit2.o(.ARM.Collect$$libinit$$00000015)
    __rt_lib_init_lc_monetary_1              0x08000231   Thumb Code     0  libinit2.o(.ARM.Collect$$libinit$$00000017)
    __rt_lib_init_lc_numeric_2               0x08000231   Thumb Code     0  libinit2.o(.ARM.Collect$$libinit$$00000018)
    __rt_lib_init_alloca_1                   0x0800023b   Thumb Code     0  libinit2.o(.ARM.Collect$$libinit$$00000030)
    __rt_lib_init_argv_1                     0x0800023b   Thumb Code     0  libinit2.o(.ARM.Collect$$libinit$$0000002E)
    __rt_lib_init_atexit_1                   0x0800023b   Thumb Code     0  libinit2.o(.ARM.Collect$$libinit$$0000001D)
    __rt_lib_init_clock_1                    0x0800023b   Thumb Code     0  libinit2.o(.ARM.Collect$$libinit$$00000023)
    __rt_lib_init_cpp_1                      0x0800023b   Thumb Code     0  libinit2.o(.ARM.Collect$$libinit$$00000034)
    __rt_lib_init_exceptions_1               0x0800023b   Thumb Code     0  libinit2.o(.ARM.Collect$$libinit$$00000032)
    __rt_lib_init_fp_trap_1                  0x0800023b   Thumb Code     0  libinit2.o(.ARM.Collect$$libinit$$00000021)
    __rt_lib_init_getenv_1                   0x0800023b   Thumb Code     0  libinit2.o(.ARM.Collect$$libinit$$00000025)
    __rt_lib_init_lc_numeric_1               0x0800023b   Thumb Code     0  libinit2.o(.ARM.Collect$$libinit$$00000019)
    __rt_lib_init_lc_time_1                  0x0800023b   Thumb Code     0  libinit2.o(.ARM.Collect$$libinit$$0000001B)
    __rt_lib_init_return                     0x0800023b   Thumb Code     0  libinit2.o(.ARM.Collect$$libinit$$00000035)
    __rt_lib_init_signal_1                   0x0800023b   Thumb Code     0  libinit2.o(.ARM.Collect$$libinit$$0000001F)
    __rt_lib_init_stdio_1                    0x0800023b   Thumb Code     0  libinit2.o(.ARM.Collect$$libinit$$00000027)
    __rt_lib_shutdown                        0x0800023d   Thumb Code     0  libshutdown.o(.ARM.Collect$$libshutdown$$00000000)
    __rt_lib_shutdown_cpp_1                  0x0800023f   Thumb Code     0  libshutdown2.o(.ARM.Collect$$libshutdown$$00000002)
    __rt_lib_shutdown_fp_trap_1              0x0800023f   Thumb Code     0  libshutdown2.o(.ARM.Collect$$libshutdown$$00000007)
    __rt_lib_shutdown_heap_1                 0x0800023f   Thumb Code     0  libshutdown2.o(.ARM.Collect$$libshutdown$$0000000F)
    __rt_lib_shutdown_return                 0x0800023f   Thumb Code     0  libshutdown2.o(.ARM.Collect$$libshutdown$$00000010)
    __rt_lib_shutdown_signal_1               0x0800023f   Thumb Code     0  libshutdown2.o(.ARM.Collect$$libshutdown$$0000000A)
    __rt_lib_shutdown_stdio_1                0x0800023f   Thumb Code     0  libshutdown2.o(.ARM.Collect$$libshutdown$$00000004)
    __rt_lib_shutdown_user_alloc_1           0x0800023f   Thumb Code     0  libshutdown2.o(.ARM.Collect$$libshutdown$$0000000C)
    __rt_entry                               0x08000241   Thumb Code     0  __rtentry.o(.ARM.Collect$$rtentry$$00000000)
    __rt_entry_presh_1                       0x08000241   Thumb Code     0  __rtentry2.o(.ARM.Collect$$rtentry$$00000002)
    __rt_entry_sh                            0x08000241   Thumb Code     0  __rtentry4.o(.ARM.Collect$$rtentry$$00000004)
    __rt_entry_li                            0x08000247   Thumb Code     0  __rtentry2.o(.ARM.Collect$$rtentry$$0000000A)
    __rt_entry_postsh_1                      0x08000247   Thumb Code     0  __rtentry2.o(.ARM.Collect$$rtentry$$00000009)
    __rt_entry_main                          0x0800024b   Thumb Code     0  __rtentry2.o(.ARM.Collect$$rtentry$$0000000D)
    __rt_entry_postli_1                      0x0800024b   Thumb Code     0  __rtentry2.o(.ARM.Collect$$rtentry$$0000000C)
    __rt_exit                                0x08000253   Thumb Code     0  rtexit.o(.ARM.Collect$$rtexit$$00000000)
    __rt_exit_ls                             0x08000255   Thumb Code     0  rtexit2.o(.ARM.Collect$$rtexit$$00000003)
    __rt_exit_prels_1                        0x08000255   Thumb Code     0  rtexit2.o(.ARM.Collect$$rtexit$$00000002)
    __rt_exit_exit                           0x08000259   Thumb Code     0  rtexit2.o(.ARM.Collect$$rtexit$$00000004)
    Reset_Handler                            0x08000261   Thumb Code     8  startup_stm32f103xb.o(.text)
    ADC1_2_IRQHandler                        0x0800027b   Thumb Code     0  startup_stm32f103xb.o(.text)
    CAN1_RX1_IRQHandler                      0x0800027b   Thumb Code     0  startup_stm32f103xb.o(.text)
    CAN1_SCE_IRQHandler                      0x0800027b   Thumb Code     0  startup_stm32f103xb.o(.text)
    DMA1_Channel1_IRQHandler                 0x0800027b   Thumb Code     0  startup_stm32f103xb.o(.text)
    DMA1_Channel2_IRQHandler                 0x0800027b   Thumb Code     0  startup_stm32f103xb.o(.text)
    DMA1_Channel3_IRQHandler                 0x0800027b   Thumb Code     0  startup_stm32f103xb.o(.text)
    DMA1_Channel4_IRQHandler                 0x0800027b   Thumb Code     0  startup_stm32f103xb.o(.text)
    DMA1_Channel5_IRQHandler                 0x0800027b   Thumb Code     0  startup_stm32f103xb.o(.text)
    DMA1_Channel6_IRQHandler                 0x0800027b   Thumb Code     0  startup_stm32f103xb.o(.text)
    DMA1_Channel7_IRQHandler                 0x0800027b   Thumb Code     0  startup_stm32f103xb.o(.text)
    EXTI0_IRQHandler                         0x0800027b   Thumb Code     0  startup_stm32f103xb.o(.text)
    EXTI15_10_IRQHandler                     0x0800027b   Thumb Code     0  startup_stm32f103xb.o(.text)
    EXTI1_IRQHandler                         0x0800027b   Thumb Code     0  startup_stm32f103xb.o(.text)
    EXTI2_IRQHandler                         0x0800027b   Thumb Code     0  startup_stm32f103xb.o(.text)
    EXTI3_IRQHandler                         0x0800027b   Thumb Code     0  startup_stm32f103xb.o(.text)
    EXTI4_IRQHandler                         0x0800027b   Thumb Code     0  startup_stm32f103xb.o(.text)
    EXTI9_5_IRQHandler                       0x0800027b   Thumb Code     0  startup_stm32f103xb.o(.text)
    FLASH_IRQHandler                         0x0800027b   Thumb Code     0  startup_stm32f103xb.o(.text)
    I2C1_ER_IRQHandler                       0x0800027b   Thumb Code     0  startup_stm32f103xb.o(.text)
    I2C1_EV_IRQHandler                       0x0800027b   Thumb Code     0  startup_stm32f103xb.o(.text)
    I2C2_ER_IRQHandler                       0x0800027b   Thumb Code     0  startup_stm32f103xb.o(.text)
    I2C2_EV_IRQHandler                       0x0800027b   Thumb Code     0  startup_stm32f103xb.o(.text)
    PVD_IRQHandler                           0x0800027b   Thumb Code     0  startup_stm32f103xb.o(.text)
    RCC_IRQHandler                           0x0800027b   Thumb Code     0  startup_stm32f103xb.o(.text)
    RTC_Alarm_IRQHandler                     0x0800027b   Thumb Code     0  startup_stm32f103xb.o(.text)
    RTC_IRQHandler                           0x0800027b   Thumb Code     0  startup_stm32f103xb.o(.text)
    SPI1_IRQHandler                          0x0800027b   Thumb Code     0  startup_stm32f103xb.o(.text)
    SPI2_IRQHandler                          0x0800027b   Thumb Code     0  startup_stm32f103xb.o(.text)
    TAMPER_IRQHandler                        0x0800027b   Thumb Code     0  startup_stm32f103xb.o(.text)
    TIM1_BRK_IRQHandler                      0x0800027b   Thumb Code     0  startup_stm32f103xb.o(.text)
    TIM1_CC_IRQHandler                       0x0800027b   Thumb Code     0  startup_stm32f103xb.o(.text)
    TIM1_TRG_COM_IRQHandler                  0x0800027b   Thumb Code     0  startup_stm32f103xb.o(.text)
    TIM1_UP_IRQHandler                       0x0800027b   Thumb Code     0  startup_stm32f103xb.o(.text)
    USART3_IRQHandler                        0x0800027b   Thumb Code     0  startup_stm32f103xb.o(.text)
    USBWakeUp_IRQHandler                     0x0800027b   Thumb Code     0  startup_stm32f103xb.o(.text)
    USB_HP_CAN1_TX_IRQHandler                0x0800027b   Thumb Code     0  startup_stm32f103xb.o(.text)
    USB_LP_CAN1_RX0_IRQHandler               0x0800027b   Thumb Code     0  startup_stm32f103xb.o(.text)
    WWDG_IRQHandler                          0x0800027b   Thumb Code     0  startup_stm32f103xb.o(.text)
    __user_initial_stackheap                 0x0800027d   Thumb Code     0  startup_stm32f103xb.o(.text)
    vsnprintf                                0x080002a1   Thumb Code    56  vsnprintf.o(.text)
    __2snprintf                              0x080002dd   Thumb Code    58  __2snprintf.o(.text)
    _printf_str                              0x0800031d   Thumb Code    82  _printf_str.o(.text)
    _printf_int_dec                          0x08000371   Thumb Code   104  _printf_dec.o(.text)
    __printf                                 0x080003e9   Thumb Code   388  __printf_flags_ss_wp.o(.text)
    atoi                                     0x08000571   Thumb Code    26  atoi.o(.text)
    strchr                                   0x0800058b   Thumb Code    20  strchr.o(.text)
    strstr                                   0x0800059f   Thumb Code    36  strstr.o(.text)
    strlen                                   0x080005c3   Thumb Code    62  strlen.o(.text)
    __aeabi_memclr                           0x08000601   Thumb Code     0  rt_memclr.o(.text)
    __rt_memclr                              0x08000601   Thumb Code     0  rt_memclr.o(.text)
    _memset                                  0x08000605   Thumb Code    64  rt_memclr.o(.text)
    __aeabi_memclr4                          0x08000645   Thumb Code     0  rt_memclr_w.o(.text)
    __aeabi_memclr8                          0x08000645   Thumb Code     0  rt_memclr_w.o(.text)
    __rt_memclr_w                            0x08000645   Thumb Code     0  rt_memclr_w.o(.text)
    _memset_w                                0x08000649   Thumb Code    74  rt_memclr_w.o(.text)
    strncpy                                  0x08000693   Thumb Code    86  strncpy.o(.text)
    strcmp                                   0x080006e9   Thumb Code   128  strcmpv7m.o(.text)
    __use_two_region_memory                  0x08000769   Thumb Code     2  heapauxi.o(.text)
    __rt_heap_escrow$2region                 0x0800076b   Thumb Code     2  heapauxi.o(.text)
    __rt_heap_expand$2region                 0x0800076d   Thumb Code     2  heapauxi.o(.text)
    __aeabi_errno_addr                       0x08000771   Thumb Code     8  rt_errno_addr_intlibspace.o(.text)
    __errno$intlibspace                      0x08000771   Thumb Code     0  rt_errno_addr_intlibspace.o(.text)
    __rt_errno_addr$intlibspace              0x08000771   Thumb Code     0  rt_errno_addr_intlibspace.o(.text)
    _printf_pre_padding                      0x08000779   Thumb Code    44  _printf_pad.o(.text)
    _printf_post_padding                     0x080007a5   Thumb Code    34  _printf_pad.o(.text)
    _printf_truncate_signed                  0x080007c7   Thumb Code    18  _printf_truncate.o(.text)
    _printf_truncate_unsigned                0x080007d9   Thumb Code    18  _printf_truncate.o(.text)
    _printf_int_common                       0x080007eb   Thumb Code   178  _printf_intcommon.o(.text)
    _printf_charcount                        0x0800089d   Thumb Code    40  _printf_charcount.o(.text)
    _printf_char_common                      0x080008cf   Thumb Code    32  _printf_char_common.o(.text)
    _snputc                                  0x080008f5   Thumb Code    16  _snputc.o(.text)
    _printf_cs_common                        0x08000905   Thumb Code    20  _printf_char.o(.text)
    _printf_char                             0x08000919   Thumb Code    16  _printf_char.o(.text)
    _printf_string                           0x08000929   Thumb Code     8  _printf_char.o(.text)
    _printf_wctomb                           0x08000931   Thumb Code   182  _printf_wctomb.o(.text)
    _printf_longlong_dec                     0x080009ed   Thumb Code   108  _printf_longlong_dec.o(.text)
    _printf_longlong_oct                     0x08000a69   Thumb Code    68  _printf_oct_int_ll.o(.text)
    _printf_int_oct                          0x08000aad   Thumb Code    24  _printf_oct_int_ll.o(.text)
    _printf_ll_oct                           0x08000ac5   Thumb Code    12  _printf_oct_int_ll.o(.text)
    _printf_longlong_hex                     0x08000ad9   Thumb Code    86  _printf_hex_int_ll_ptr.o(.text)
    _printf_int_hex                          0x08000b2f   Thumb Code    28  _printf_hex_int_ll_ptr.o(.text)
    _printf_ll_hex                           0x08000b4b   Thumb Code    12  _printf_hex_int_ll_ptr.o(.text)
    _printf_hex_ptr                          0x08000b57   Thumb Code    18  _printf_hex_int_ll_ptr.o(.text)
    strtol                                   0x08000b6d   Thumb Code   112  strtol.o(.text)
    __user_libspace                          0x08000bdd   Thumb Code     8  libspace.o(.text)
    __user_perproc_libspace                  0x08000bdd   Thumb Code     0  libspace.o(.text)
    __user_perthread_libspace                0x08000bdd   Thumb Code     0  libspace.o(.text)
    __rt_ctype_table                         0x08000be5   Thumb Code    16  rt_ctype_table.o(.text)
    _ll_udiv10                               0x08000bf5   Thumb Code   138  lludiv10.o(.text)
    _printf_fp_dec_real                      0x08000e2f   Thumb Code   620  _printf_fp_dec.o(.text)
    _printf_fp_hex_real                      0x0800109d   Thumb Code   756  _printf_fp_hex.o(.text)
    _printf_lcs_common                       0x08001399   Thumb Code    20  _printf_wchar.o(.text)
    _printf_wchar                            0x080013ad   Thumb Code    16  _printf_wchar.o(.text)
    _printf_wstring                          0x080013bd   Thumb Code     8  _printf_wchar.o(.text)
    _strtoul                                 0x080013c5   Thumb Code   158  _strtoul.o(.text)
    _c16rtomb                                0x08001463   Thumb Code    72  _c16rtomb.o(.text)
    _wcrtomb                                 0x08001463   Thumb Code     0  _c16rtomb.o(.text)
    __user_setup_stackheap                   0x080014ab   Thumb Code    74  sys_stackheap_outer.o(.text)
    __rt_locale                              0x080014f5   Thumb Code     8  rt_locale_intlibspace.o(.text)
    _printf_fp_infnan                        0x080014fd   Thumb Code   112  _printf_fp_infnan.o(.text)
    _chval                                   0x0800157d   Thumb Code    28  _chval.o(.text)
    _btod_etento                             0x08001599   Thumb Code   224  bigflt0.o(.text)
    exit                                     0x0800167d   Thumb Code    18  exit.o(.text)
    _sys_exit                                0x08001691   Thumb Code     8  sys_exit.o(.text)
    __I$use$semihosting                      0x0800169d   Thumb Code     0  use_no_semi.o(.text)
    __use_no_semihosting_swi                 0x0800169d   Thumb Code     2  use_no_semi.o(.text)
    __semihosting_library_function           0x0800169f   Thumb Code     0  indicate_semi.o(.text)
    BusFault_Handler                         0x080016a1   Thumb Code     2  stm32f1xx_it.o(.text.BusFault_Handler)
    DebugMon_Handler                         0x080016a5   Thumb Code     2  stm32f1xx_it.o(.text.DebugMon_Handler)
    ESP8266_AT_MQTT_Publish_Raw              0x080016a9   Thumb Code   316  esp8266.o(.text.ESP8266_AT_MQTT_Publish_Raw)
    ESP8266_AT_Test                          0x08001859   Thumb Code   560  esp8266.o(.text.ESP8266_AT_Test)
    ESP8266_Aithinker_MQTT_Example           0x08001ac5   Thumb Code    40  esp8266.o(.text.ESP8266_Aithinker_MQTT_Example)
    ESP8266_Bind_OneNET_Report_Topic_With_Cmd 0x08001b35   Thumb Code   144  esp8266.o(.text.ESP8266_Bind_OneNET_Report_Topic_With_Cmd)
    ESP8266_Cmd                              0x08001bf9   Thumb Code   492  esp8266.o(.text.ESP8266_Cmd)
    ESP8266_Get_LinkStatus                   0x08001e65   Thumb Code   152  esp8266.o(.text.ESP8266_Get_LinkStatus)
    ESP8266_Init                             0x08001f8d   Thumb Code   134  esp8266.o(.text.ESP8266_Init)
    ESP8266_Link_Server                      0x08002015   Thumb Code   388  esp8266.o(.text.ESP8266_Link_Server)
    ESP8266_MQTT_Subscribe_OneNET            0x0800221d   Thumb Code   132  esp8266.o(.text.ESP8266_MQTT_Subscribe_OneNET)
    ESP8266_MQTT_Subscribe_OneNET_Repaly     0x0800231d   Thumb Code   140  esp8266.o(.text.ESP8266_MQTT_Subscribe_OneNET_Repaly)
    ESP8266_Parse_OneNET_Property            0x08002415   Thumb Code   920  esp8266.o(.text.ESP8266_Parse_OneNET_Property)
    Error_Handler                            0x08002829   Thumb Code    10  main.o(.text.Error_Handler)
    HAL_DMA_Abort                            0x08002835   Thumb Code    70  stm32f1xx_hal_dma.o(.text.HAL_DMA_Abort)
    HAL_DMA_Abort_IT                         0x0800287d   Thumb Code   182  stm32f1xx_hal_dma.o(.text.HAL_DMA_Abort_IT)
    HAL_Delay                                0x08002935   Thumb Code    40  stm32f1xx_hal.o(.text.HAL_Delay)
    HAL_GPIO_Init                            0x0800295d   Thumb Code   526  stm32f1xx_hal_gpio.o(.text.HAL_GPIO_Init)
    HAL_GPIO_WritePin                        0x08002b6d   Thumb Code    10  stm32f1xx_hal_gpio.o(.text.HAL_GPIO_WritePin)
    HAL_GetTick                              0x08002b79   Thumb Code    12  stm32f1xx_hal.o(.text.HAL_GetTick)
    HAL_IncTick                              0x08002b85   Thumb Code    26  stm32f1xx_hal.o(.text.HAL_IncTick)
    HAL_Init                                 0x08002ba1   Thumb Code    38  stm32f1xx_hal.o(.text.HAL_Init)
    HAL_InitTick                             0x08002bc9   Thumb Code    72  stm32f1xx_hal.o(.text.HAL_InitTick)
    HAL_MspInit                              0x08002c11   Thumb Code    66  stm32f1xx_hal_msp.o(.text.HAL_MspInit)
    HAL_NVIC_EnableIRQ                       0x08002c55   Thumb Code    34  stm32f1xx_hal_cortex.o(.text.HAL_NVIC_EnableIRQ)
    HAL_NVIC_SetPriority                     0x08002c79   Thumb Code    86  stm32f1xx_hal_cortex.o(.text.HAL_NVIC_SetPriority)
    HAL_NVIC_SetPriorityGrouping             0x08002cd1   Thumb Code    32  stm32f1xx_hal_cortex.o(.text.HAL_NVIC_SetPriorityGrouping)
    HAL_RCC_ClockConfig                      0x08002cf1   Thumb Code   442  stm32f1xx_hal_rcc.o(.text.HAL_RCC_ClockConfig)
    HAL_RCC_GetPCLK1Freq                     0x08002ead   Thumb Code    38  stm32f1xx_hal_rcc.o(.text.HAL_RCC_GetPCLK1Freq)
    HAL_RCC_GetPCLK2Freq                     0x08002ed5   Thumb Code    38  stm32f1xx_hal_rcc.o(.text.HAL_RCC_GetPCLK2Freq)
    HAL_RCC_OscConfig                        0x08002efd   Thumb Code  1024  stm32f1xx_hal_rcc.o(.text.HAL_RCC_OscConfig)
    HAL_SYSTICK_Config                       0x080032fd   Thumb Code    44  stm32f1xx_hal_cortex.o(.text.HAL_SYSTICK_Config)
    HAL_TIMEx_BreakCallback                  0x08003329   Thumb Code     2  stm32f1xx_hal_tim_ex.o(.text.HAL_TIMEx_BreakCallback)
    HAL_TIMEx_CommutCallback                 0x0800332d   Thumb Code     2  stm32f1xx_hal_tim_ex.o(.text.HAL_TIMEx_CommutCallback)
    HAL_TIMEx_MasterConfigSynchronization    0x08003331   Thumb Code   126  stm32f1xx_hal_tim_ex.o(.text.HAL_TIMEx_MasterConfigSynchronization)
    HAL_TIM_Base_Init                        0x080033b1   Thumb Code   250  stm32f1xx_hal_tim.o(.text.HAL_TIM_Base_Init)
    HAL_TIM_Base_MspInit                     0x080034ad   Thumb Code   154  tim.o(.text.HAL_TIM_Base_MspInit)
    HAL_TIM_ConfigClockSource                0x08003549   Thumb Code   416  stm32f1xx_hal_tim.o(.text.HAL_TIM_ConfigClockSource)
    HAL_TIM_IC_CaptureCallback               0x080036e9   Thumb Code     2  main.o(.text.HAL_TIM_IC_CaptureCallback)
    HAL_TIM_IRQHandler                       0x080036ed   Thumb Code   334  stm32f1xx_hal_tim.o(.text.HAL_TIM_IRQHandler)
    HAL_TIM_OC_DelayElapsedCallback          0x0800383d   Thumb Code     2  stm32f1xx_hal_tim.o(.text.HAL_TIM_OC_DelayElapsedCallback)
    HAL_TIM_PWM_PulseFinishedCallback        0x08003841   Thumb Code     2  stm32f1xx_hal_tim.o(.text.HAL_TIM_PWM_PulseFinishedCallback)
    HAL_TIM_PeriodElapsedCallback            0x08003845   Thumb Code     2  main.o(.text.HAL_TIM_PeriodElapsedCallback)
    HAL_TIM_TriggerCallback                  0x08003849   Thumb Code     2  stm32f1xx_hal_tim.o(.text.HAL_TIM_TriggerCallback)
    HAL_UARTEx_RxEventCallback               0x0800384d   Thumb Code     2  stm32f1xx_hal_uart.o(.text.HAL_UARTEx_RxEventCallback)
    HAL_UART_AbortReceiveCpltCallback        0x08003851   Thumb Code     2  stm32f1xx_hal_uart.o(.text.HAL_UART_AbortReceiveCpltCallback)
    HAL_UART_AbortReceive_IT                 0x08003855   Thumb Code   372  stm32f1xx_hal_uart.o(.text.HAL_UART_AbortReceive_IT)
    HAL_UART_ErrorCallback                   0x080039c9   Thumb Code     2  stm32f1xx_hal_uart.o(.text.HAL_UART_ErrorCallback)
    HAL_UART_IRQHandler                      0x080039cd   Thumb Code  1392  stm32f1xx_hal_uart.o(.text.HAL_UART_IRQHandler)
    HAL_UART_Init                            0x08003f3d   Thumb Code   226  stm32f1xx_hal_uart.o(.text.HAL_UART_Init)
    HAL_UART_MspInit                         0x08004021   Thumb Code   214  usart.o(.text.HAL_UART_MspInit)
    HAL_UART_Receive_IT                      0x080040f9   Thumb Code    84  stm32f1xx_hal_uart.o(.text.HAL_UART_Receive_IT)
    HAL_UART_RxCpltCallback                  0x0800414d   Thumb Code   150  esp8266.o(.text.HAL_UART_RxCpltCallback)
    HAL_UART_Transmit                        0x080041e5   Thumb Code   402  stm32f1xx_hal_uart.o(.text.HAL_UART_Transmit)
    HAL_UART_Transmit_IT                     0x08004379   Thumb Code    62  stm32f1xx_hal_uart.o(.text.HAL_UART_Transmit_IT)
    HAL_UART_TxCpltCallback                  0x080043b9   Thumb Code     2  stm32f1xx_hal_uart.o(.text.HAL_UART_TxCpltCallback)
    HardFault_Handler                        0x080043bd   Thumb Code     2  stm32f1xx_it.o(.text.HardFault_Handler)
    MX_GPIO_Init                             0x080043c1   Thumb Code   234  gpio.o(.text.MX_GPIO_Init)
    MX_TIM2_Init                             0x080044ad   Thumb Code   112  tim.o(.text.MX_TIM2_Init)
    MX_TIM3_Init                             0x0800451d   Thumb Code   116  tim.o(.text.MX_TIM3_Init)
    MX_TIM4_Init                             0x08004591   Thumb Code   120  tim.o(.text.MX_TIM4_Init)
    MX_USART1_UART_Init                      0x08004609   Thumb Code    60  usart.o(.text.MX_USART1_UART_Init)
    MX_USART2_UART_Init                      0x08004645   Thumb Code    60  usart.o(.text.MX_USART2_UART_Init)
    MemManage_Handler                        0x08004681   Thumb Code     2  stm32f1xx_it.o(.text.MemManage_Handler)
    NMI_Handler                              0x08004685   Thumb Code     2  stm32f1xx_it.o(.text.NMI_Handler)
    PendSV_Handler                           0x08004689   Thumb Code     2  stm32f1xx_it.o(.text.PendSV_Handler)
    SVC_Handler                              0x0800468d   Thumb Code     2  stm32f1xx_it.o(.text.SVC_Handler)
    SysTick_Handler                          0x08004691   Thumb Code     4  stm32f1xx_it.o(.text.SysTick_Handler)
    SystemInit                               0x08004695   Thumb Code     2  system_stm32f1xx.o(.text.SystemInit)
    TIM2_IRQHandler                          0x08004699   Thumb Code    12  stm32f1xx_it.o(.text.TIM2_IRQHandler)
    TIM3_IRQHandler                          0x080046a5   Thumb Code    12  stm32f1xx_it.o(.text.TIM3_IRQHandler)
    TIM4_IRQHandler                          0x080046b1   Thumb Code    12  stm32f1xx_it.o(.text.TIM4_IRQHandler)
    UART2_Debug_Print                        0x080046bd   Thumb Code   104  esp8266.o(.text.UART2_Debug_Print)
    USART1_IRQHandler                        0x08004845   Thumb Code    12  stm32f1xx_it.o(.text.USART1_IRQHandler)
    USART2_IRQHandler                        0x08004851   Thumb Code    12  stm32f1xx_it.o(.text.USART2_IRQHandler)
    UsageFault_Handler                       0x0800485d   Thumb Code     2  stm32f1xx_it.o(.text.UsageFault_Handler)
    main                                     0x08004861   Thumb Code   376  main.o(.text.main)
    main_loop_task                           0x080049fd   Thumb Code   192  esp8266.o(.text.main_loop_task)
    _btod_d2e                                0x08004b45   Thumb Code    62  btod.o(CL$$btod_d2e)
    _d2e_denorm_low                          0x08004b83   Thumb Code    70  btod.o(CL$$btod_d2e_denorm_low)
    _d2e_norm_op1                            0x08004bc9   Thumb Code    96  btod.o(CL$$btod_d2e_norm_op1)
    __btod_div_common                        0x08004c29   Thumb Code   696  btod.o(CL$$btod_div_common)
    _e2e                                     0x08004f61   Thumb Code   220  btod.o(CL$$btod_e2e)
    _btod_ediv                               0x0800503d   Thumb Code    42  btod.o(CL$$btod_ediv)
    _btod_emul                               0x08005067   Thumb Code    42  btod.o(CL$$btod_emul)
    __btod_mult_common                       0x08005091   Thumb Code   580  btod.o(CL$$btod_mult_common)
    __ARM_fpclassify                         0x080052d5   Thumb Code    40  fpclassify.o(i.__ARM_fpclassify)
    _is_digit                                0x080052fd   Thumb Code    14  __printf_wp.o(i._is_digit)
    _get_lc_ctype                            0x0800530d   Thumb Code    44  lc_ctype_c.o(locale$$code)
    _get_lc_numeric                          0x08005339   Thumb Code    44  lc_numeric_c.o(locale$$code)
    _printf_fp_dec                           0x08005365   Thumb Code     4  printf1.o(x$fpl$printf1)
    _printf_fp_hex                           0x08005369   Thumb Code     4  printf2.o(x$fpl$printf2)
    __I$use$fp                               0x0800536c   Number         0  usenofp.o(x$fpl$usenofp)
    AHBPrescTable                            0x0800546c   Data          16  system_stm32f1xx.o(.rodata.AHBPrescTable)
    APBPrescTable                            0x0800547c   Data           8  system_stm32f1xx.o(.rodata.APBPrescTable)
    Region$$Table$$Base                      0x080060c4   Number         0  anon$$obj.o(Region$$Table)
    Region$$Table$$Limit                     0x080060e4   Number         0  anon$$obj.o(Region$$Table)
    __ctype                                  0x080060f1   Data           0  lc_ctype_c.o(locale$$data)
    uwTickFreq                               0x20000000   Data           1  stm32f1xx_hal.o(.data..L_MergedGlobals)
    uwTickPrio                               0x20000004   Data           4  stm32f1xx_hal.o(.data..L_MergedGlobals)
    SystemCoreClock                          0x20000008   Data           4  system_stm32f1xx.o(.data.SystemCoreClock)
    __libspace_start                         0x20000010   Data          96  libspace.o(.bss)
    __temporary_stack_top$libspace           0x20000070   Data           0  libspace.o(.bss)
    g_uart1_busy                             0x20000070   Data           1  main.o(.bss..L_MergedGlobals)
    g_OneNET_Property_Data                   0x20000078   Data           8  esp8266.o(.bss.g_OneNET_Property_Data)
    htim2                                    0x20000080   Data          72  tim.o(.bss.htim2)
    htim3                                    0x200000c8   Data          72  tim.o(.bss.htim3)
    htim4                                    0x20000110   Data          72  tim.o(.bss.htim4)
    huart1                                   0x20000158   Data          72  usart.o(.bss.huart1)
    huart2                                   0x200001a0   Data          72  usart.o(.bss.huart2)
    strEsp8266_Fram_Record                   0x200001e8   Data        1026  esp8266.o(.bss.strEsp8266_Fram_Record)
    subscribe                                0x200005ea   Data         256  esp8266.o(.bss.subscribe)
    tx_buffer                                0x200006ea   Data         512  esp8266.o(.bss.tx_buffer)
    uart1_tx_buffer                          0x200008ec   Data         512  esp8266.o(.bss.uart1_tx_buffer)
    uart2_tx_buffer                          0x20000aec   Data        1024  esp8266.o(.bss.uart2_tx_buffer)
    uwTick                                   0x20000eec   Data           4  stm32f1xx_hal.o(.bss.uwTick)



==============================================================================

Memory Map of the image

  Image Entry point : 0x080000ed

  Load Region LR_IROM1 (Base: 0x08000000, Size: 0x00006220, Max: 0x00010000, ABSOLUTE)

    Execution Region ER_IROM1 (Exec base: 0x08000000, Load base: 0x08000000, Size: 0x00006210, Max: 0x00010000, ABSOLUTE)

    Exec Addr    Load Addr    Size         Type   Attr      Idx    E Section Name        Object

    0x08000000   0x08000000   0x000000ec   Data   RO            3    RESET               startup_stm32f103xb.o
    0x080000ec   0x080000ec   0x00000008   Code   RO         1042  * !!!main             c_w.l(__main.o)
    0x080000f4   0x080000f4   0x0000005c   Code   RO         1359    !!!scatter          c_w.l(__scatter.o)
    0x08000150   0x08000150   0x0000001a   Code   RO         1363    !!handler_copy      c_w.l(__scatter_copy.o)
    0x0800016a   0x0800016a   0x00000002   PAD
    0x0800016c   0x0800016c   0x00000002   Code   RO         1360    !!handler_null      c_w.l(__scatter.o)
    0x0800016e   0x0800016e   0x00000002   PAD
    0x08000170   0x08000170   0x0000001c   Code   RO         1365    !!handler_zi        c_w.l(__scatter_zi.o)
    0x0800018c   0x0800018c   0x00000000   Code   RO         1023    .ARM.Collect$$_printf_percent$$00000000  c_w.l(_printf_percent.o)
    0x0800018c   0x0800018c   0x00000006   Code   RO         1097    .ARM.Collect$$_printf_percent$$00000001  c_w.l(_printf_n.o)
    0x08000192   0x08000192   0x00000006   Code   RO         1099    .ARM.Collect$$_printf_percent$$00000002  c_w.l(_printf_p.o)
    0x08000198   0x08000198   0x00000006   Code   RO         1103    .ARM.Collect$$_printf_percent$$00000003  c_w.l(_printf_f.o)
    0x0800019e   0x0800019e   0x00000006   Code   RO         1104    .ARM.Collect$$_printf_percent$$00000004  c_w.l(_printf_e.o)
    0x080001a4   0x080001a4   0x00000006   Code   RO         1105    .ARM.Collect$$_printf_percent$$00000005  c_w.l(_printf_g.o)
    0x080001aa   0x080001aa   0x00000006   Code   RO         1106    .ARM.Collect$$_printf_percent$$00000006  c_w.l(_printf_a.o)
    0x080001b0   0x080001b0   0x0000000a   Code   RO         1111    .ARM.Collect$$_printf_percent$$00000007  c_w.l(_printf_ll.o)
    0x080001ba   0x080001ba   0x00000006   Code   RO         1101    .ARM.Collect$$_printf_percent$$00000008  c_w.l(_printf_i.o)
    0x080001c0   0x080001c0   0x00000006   Code   RO         1022    .ARM.Collect$$_printf_percent$$00000009  c_w.l(_printf_d.o)
    0x080001c6   0x080001c6   0x00000006   Code   RO         1102    .ARM.Collect$$_printf_percent$$0000000A  c_w.l(_printf_u.o)
    0x080001cc   0x080001cc   0x00000006   Code   RO         1100    .ARM.Collect$$_printf_percent$$0000000B  c_w.l(_printf_o.o)
    0x080001d2   0x080001d2   0x00000006   Code   RO         1098    .ARM.Collect$$_printf_percent$$0000000C  c_w.l(_printf_x.o)
    0x080001d8   0x080001d8   0x00000006   Code   RO         1108    .ARM.Collect$$_printf_percent$$0000000D  c_w.l(_printf_lli.o)
    0x080001de   0x080001de   0x00000006   Code   RO         1109    .ARM.Collect$$_printf_percent$$0000000E  c_w.l(_printf_lld.o)
    0x080001e4   0x080001e4   0x00000006   Code   RO         1110    .ARM.Collect$$_printf_percent$$0000000F  c_w.l(_printf_llu.o)
    0x080001ea   0x080001ea   0x00000006   Code   RO         1115    .ARM.Collect$$_printf_percent$$00000010  c_w.l(_printf_llo.o)
    0x080001f0   0x080001f0   0x00000006   Code   RO         1116    .ARM.Collect$$_printf_percent$$00000011  c_w.l(_printf_llx.o)
    0x080001f6   0x080001f6   0x0000000a   Code   RO         1112    .ARM.Collect$$_printf_percent$$00000012  c_w.l(_printf_l.o)
    0x08000200   0x08000200   0x00000006   Code   RO         1096    .ARM.Collect$$_printf_percent$$00000013  c_w.l(_printf_c.o)
    0x08000206   0x08000206   0x00000006   Code   RO         1021    .ARM.Collect$$_printf_percent$$00000014  c_w.l(_printf_s.o)
    0x0800020c   0x0800020c   0x00000006   Code   RO         1113    .ARM.Collect$$_printf_percent$$00000015  c_w.l(_printf_lc.o)
    0x08000212   0x08000212   0x00000006   Code   RO         1114    .ARM.Collect$$_printf_percent$$00000016  c_w.l(_printf_ls.o)
    0x08000218   0x08000218   0x00000004   Code   RO         1107    .ARM.Collect$$_printf_percent$$00000017  c_w.l(_printf_percent_end.o)
    0x0800021c   0x0800021c   0x00000002   Code   RO         1215    .ARM.Collect$$libinit$$00000000  c_w.l(libinit.o)
    0x0800021e   0x0800021e   0x00000000   Code   RO         1226    .ARM.Collect$$libinit$$00000002  c_w.l(libinit2.o)
    0x0800021e   0x0800021e   0x00000000   Code   RO         1228    .ARM.Collect$$libinit$$00000004  c_w.l(libinit2.o)
    0x0800021e   0x0800021e   0x00000000   Code   RO         1230    .ARM.Collect$$libinit$$00000006  c_w.l(libinit2.o)
    0x0800021e   0x0800021e   0x00000000   Code   RO         1233    .ARM.Collect$$libinit$$0000000C  c_w.l(libinit2.o)
    0x0800021e   0x0800021e   0x00000000   Code   RO         1235    .ARM.Collect$$libinit$$0000000E  c_w.l(libinit2.o)
    0x0800021e   0x0800021e   0x00000000   Code   RO         1237    .ARM.Collect$$libinit$$00000010  c_w.l(libinit2.o)
    0x0800021e   0x0800021e   0x00000006   Code   RO         1238    .ARM.Collect$$libinit$$00000011  c_w.l(libinit2.o)
    0x08000224   0x08000224   0x00000000   Code   RO         1240    .ARM.Collect$$libinit$$00000013  c_w.l(libinit2.o)
    0x08000224   0x08000224   0x0000000c   Code   RO         1241    .ARM.Collect$$libinit$$00000014  c_w.l(libinit2.o)
    0x08000230   0x08000230   0x00000000   Code   RO         1242    .ARM.Collect$$libinit$$00000015  c_w.l(libinit2.o)
    0x08000230   0x08000230   0x00000000   Code   RO         1244    .ARM.Collect$$libinit$$00000017  c_w.l(libinit2.o)
    0x08000230   0x08000230   0x0000000a   Code   RO         1245    .ARM.Collect$$libinit$$00000018  c_w.l(libinit2.o)
    0x0800023a   0x0800023a   0x00000000   Code   RO         1246    .ARM.Collect$$libinit$$00000019  c_w.l(libinit2.o)
    0x0800023a   0x0800023a   0x00000000   Code   RO         1248    .ARM.Collect$$libinit$$0000001B  c_w.l(libinit2.o)
    0x0800023a   0x0800023a   0x00000000   Code   RO         1250    .ARM.Collect$$libinit$$0000001D  c_w.l(libinit2.o)
    0x0800023a   0x0800023a   0x00000000   Code   RO         1252    .ARM.Collect$$libinit$$0000001F  c_w.l(libinit2.o)
    0x0800023a   0x0800023a   0x00000000   Code   RO         1254    .ARM.Collect$$libinit$$00000021  c_w.l(libinit2.o)
    0x0800023a   0x0800023a   0x00000000   Code   RO         1256    .ARM.Collect$$libinit$$00000023  c_w.l(libinit2.o)
    0x0800023a   0x0800023a   0x00000000   Code   RO         1258    .ARM.Collect$$libinit$$00000025  c_w.l(libinit2.o)
    0x0800023a   0x0800023a   0x00000000   Code   RO         1260    .ARM.Collect$$libinit$$00000027  c_w.l(libinit2.o)
    0x0800023a   0x0800023a   0x00000000   Code   RO         1264    .ARM.Collect$$libinit$$0000002E  c_w.l(libinit2.o)
    0x0800023a   0x0800023a   0x00000000   Code   RO         1266    .ARM.Collect$$libinit$$00000030  c_w.l(libinit2.o)
    0x0800023a   0x0800023a   0x00000000   Code   RO         1268    .ARM.Collect$$libinit$$00000032  c_w.l(libinit2.o)
    0x0800023a   0x0800023a   0x00000000   Code   RO         1270    .ARM.Collect$$libinit$$00000034  c_w.l(libinit2.o)
    0x0800023a   0x0800023a   0x00000002   Code   RO         1271    .ARM.Collect$$libinit$$00000035  c_w.l(libinit2.o)
    0x0800023c   0x0800023c   0x00000002   Code   RO         1295    .ARM.Collect$$libshutdown$$00000000  c_w.l(libshutdown.o)
    0x0800023e   0x0800023e   0x00000000   Code   RO         1310    .ARM.Collect$$libshutdown$$00000002  c_w.l(libshutdown2.o)
    0x0800023e   0x0800023e   0x00000000   Code   RO         1312    .ARM.Collect$$libshutdown$$00000004  c_w.l(libshutdown2.o)
    0x0800023e   0x0800023e   0x00000000   Code   RO         1315    .ARM.Collect$$libshutdown$$00000007  c_w.l(libshutdown2.o)
    0x0800023e   0x0800023e   0x00000000   Code   RO         1318    .ARM.Collect$$libshutdown$$0000000A  c_w.l(libshutdown2.o)
    0x0800023e   0x0800023e   0x00000000   Code   RO         1320    .ARM.Collect$$libshutdown$$0000000C  c_w.l(libshutdown2.o)
    0x0800023e   0x0800023e   0x00000000   Code   RO         1323    .ARM.Collect$$libshutdown$$0000000F  c_w.l(libshutdown2.o)
    0x0800023e   0x0800023e   0x00000002   Code   RO         1324    .ARM.Collect$$libshutdown$$00000010  c_w.l(libshutdown2.o)
    0x08000240   0x08000240   0x00000000   Code   RO         1044    .ARM.Collect$$rtentry$$00000000  c_w.l(__rtentry.o)
    0x08000240   0x08000240   0x00000000   Code   RO         1131    .ARM.Collect$$rtentry$$00000002  c_w.l(__rtentry2.o)
    0x08000240   0x08000240   0x00000006   Code   RO         1143    .ARM.Collect$$rtentry$$00000004  c_w.l(__rtentry4.o)
    0x08000246   0x08000246   0x00000000   Code   RO         1133    .ARM.Collect$$rtentry$$00000009  c_w.l(__rtentry2.o)
    0x08000246   0x08000246   0x00000004   Code   RO         1134    .ARM.Collect$$rtentry$$0000000A  c_w.l(__rtentry2.o)
    0x0800024a   0x0800024a   0x00000000   Code   RO         1136    .ARM.Collect$$rtentry$$0000000C  c_w.l(__rtentry2.o)
    0x0800024a   0x0800024a   0x00000008   Code   RO         1137    .ARM.Collect$$rtentry$$0000000D  c_w.l(__rtentry2.o)
    0x08000252   0x08000252   0x00000002   Code   RO         1221    .ARM.Collect$$rtexit$$00000000  c_w.l(rtexit.o)
    0x08000254   0x08000254   0x00000000   Code   RO         1273    .ARM.Collect$$rtexit$$00000002  c_w.l(rtexit2.o)
    0x08000254   0x08000254   0x00000004   Code   RO         1274    .ARM.Collect$$rtexit$$00000003  c_w.l(rtexit2.o)
    0x08000258   0x08000258   0x00000006   Code   RO         1275    .ARM.Collect$$rtexit$$00000004  c_w.l(rtexit2.o)
    0x0800025e   0x0800025e   0x00000002   PAD
    0x08000260   0x08000260   0x00000040   Code   RO            4    .text               startup_stm32f103xb.o
    0x080002a0   0x080002a0   0x0000003c   Code   RO          989    .text               c_w.l(vsnprintf.o)
    0x080002dc   0x080002dc   0x00000040   Code   RO          991    .text               c_w.l(__2snprintf.o)
    0x0800031c   0x0800031c   0x00000052   Code   RO          997    .text               c_w.l(_printf_str.o)
    0x0800036e   0x0800036e   0x00000002   PAD
    0x08000370   0x08000370   0x00000078   Code   RO          999    .text               c_w.l(_printf_dec.o)
    0x080003e8   0x080003e8   0x00000188   Code   RO         1018    .text               c_w.l(__printf_flags_ss_wp.o)
    0x08000570   0x08000570   0x0000001a   Code   RO         1024    .text               c_w.l(atoi.o)
    0x0800058a   0x0800058a   0x00000014   Code   RO         1026    .text               c_w.l(strchr.o)
    0x0800059e   0x0800059e   0x00000024   Code   RO         1028    .text               c_w.l(strstr.o)
    0x080005c2   0x080005c2   0x0000003e   Code   RO         1030    .text               c_w.l(strlen.o)
    0x08000600   0x08000600   0x00000044   Code   RO         1032    .text               c_w.l(rt_memclr.o)
    0x08000644   0x08000644   0x0000004e   Code   RO         1034    .text               c_w.l(rt_memclr_w.o)
    0x08000692   0x08000692   0x00000056   Code   RO         1036    .text               c_w.l(strncpy.o)
    0x080006e8   0x080006e8   0x00000080   Code   RO         1038    .text               c_w.l(strcmpv7m.o)
    0x08000768   0x08000768   0x00000006   Code   RO         1040    .text               c_w.l(heapauxi.o)
    0x0800076e   0x0800076e   0x00000002   PAD
    0x08000770   0x08000770   0x00000008   Code   RO         1048    .text               c_w.l(rt_errno_addr_intlibspace.o)
    0x08000778   0x08000778   0x0000004e   Code   RO         1050    .text               c_w.l(_printf_pad.o)
    0x080007c6   0x080007c6   0x00000024   Code   RO         1052    .text               c_w.l(_printf_truncate.o)
    0x080007ea   0x080007ea   0x000000b2   Code   RO         1054    .text               c_w.l(_printf_intcommon.o)
    0x0800089c   0x0800089c   0x00000028   Code   RO         1056    .text               c_w.l(_printf_charcount.o)
    0x080008c4   0x080008c4   0x00000030   Code   RO         1058    .text               c_w.l(_printf_char_common.o)
    0x080008f4   0x080008f4   0x00000010   Code   RO         1060    .text               c_w.l(_snputc.o)
    0x08000904   0x08000904   0x0000002c   Code   RO         1062    .text               c_w.l(_printf_char.o)
    0x08000930   0x08000930   0x000000bc   Code   RO         1064    .text               c_w.l(_printf_wctomb.o)
    0x080009ec   0x080009ec   0x0000007c   Code   RO         1067    .text               c_w.l(_printf_longlong_dec.o)
    0x08000a68   0x08000a68   0x00000070   Code   RO         1073    .text               c_w.l(_printf_oct_int_ll.o)
    0x08000ad8   0x08000ad8   0x00000094   Code   RO         1093    .text               c_w.l(_printf_hex_int_ll_ptr.o)
    0x08000b6c   0x08000b6c   0x00000070   Code   RO         1117    .text               c_w.l(strtol.o)
    0x08000bdc   0x08000bdc   0x00000008   Code   RO         1127    .text               c_w.l(libspace.o)
    0x08000be4   0x08000be4   0x00000010   Code   RO         1145    .text               c_w.l(rt_ctype_table.o)
    0x08000bf4   0x08000bf4   0x0000008a   Code   RO         1147    .text               c_w.l(lludiv10.o)
    0x08000c7e   0x08000c7e   0x0000041c   Code   RO         1149    .text               c_w.l(_printf_fp_dec.o)
    0x0800109a   0x0800109a   0x00000002   PAD
    0x0800109c   0x0800109c   0x000002fc   Code   RO         1153    .text               c_w.l(_printf_fp_hex.o)
    0x08001398   0x08001398   0x0000002c   Code   RO         1158    .text               c_w.l(_printf_wchar.o)
    0x080013c4   0x080013c4   0x0000009e   Code   RO         1160    .text               c_w.l(_strtoul.o)
    0x08001462   0x08001462   0x00000048   Code   RO         1162    .text               c_w.l(_c16rtomb.o)
    0x080014aa   0x080014aa   0x0000004a   Code   RO         1164    .text               c_w.l(sys_stackheap_outer.o)
    0x080014f4   0x080014f4   0x00000008   Code   RO         1169    .text               c_w.l(rt_locale_intlibspace.o)
    0x080014fc   0x080014fc   0x00000080   Code   RO         1171    .text               c_w.l(_printf_fp_infnan.o)
    0x0800157c   0x0800157c   0x0000001c   Code   RO         1173    .text               c_w.l(_chval.o)
    0x08001598   0x08001598   0x000000e4   Code   RO         1175    .text               c_w.l(bigflt0.o)
    0x0800167c   0x0800167c   0x00000012   Code   RO         1208    .text               c_w.l(exit.o)
    0x0800168e   0x0800168e   0x00000002   PAD
    0x08001690   0x08001690   0x0000000c   Code   RO         1285    .text               c_w.l(sys_exit.o)
    0x0800169c   0x0800169c   0x00000002   Code   RO         1300    .text               c_w.l(use_no_semi.o)
    0x0800169e   0x0800169e   0x00000000   Code   RO         1302    .text               c_w.l(indicate_semi.o)
    0x0800169e   0x0800169e   0x00000002   PAD
    0x080016a0   0x080016a0   0x00000002   Code   RO          149    .text.BusFault_Handler  stm32f1xx_it.o
    0x080016a2   0x080016a2   0x00000002   PAD
    0x080016a4   0x080016a4   0x00000002   Code   RO          155    .text.DebugMon_Handler  stm32f1xx_it.o
    0x080016a6   0x080016a6   0x00000002   PAD
    0x080016a8   0x080016a8   0x000001b0   Code   RO           53    .text.ESP8266_AT_MQTT_Publish_Raw  esp8266.o
    0x08001858   0x08001858   0x0000026c   Code   RO           17    .text.ESP8266_AT_Test  esp8266.o
    0x08001ac4   0x08001ac4   0x00000070   Code   RO           39    .text.ESP8266_Aithinker_MQTT_Example  esp8266.o
    0x08001b34   0x08001b34   0x000000c4   Code   RO           51    .text.ESP8266_Bind_OneNET_Report_Topic_With_Cmd  esp8266.o
    0x08001bf8   0x08001bf8   0x0000026c   Code   RO           15    .text.ESP8266_Cmd   esp8266.o
    0x08001e64   0x08001e64   0x00000128   Code   RO           35    .text.ESP8266_Get_LinkStatus  esp8266.o
    0x08001f8c   0x08001f8c   0x00000086   Code   RO           21    .text.ESP8266_Init  esp8266.o
    0x08002012   0x08002012   0x00000002   PAD
    0x08002014   0x08002014   0x00000208   Code   RO           37    .text.ESP8266_Link_Server  esp8266.o
    0x0800221c   0x0800221c   0x00000100   Code   RO           41    .text.ESP8266_MQTT_Subscribe_OneNET  esp8266.o
    0x0800231c   0x0800231c   0x000000f8   Code   RO           43    .text.ESP8266_MQTT_Subscribe_OneNET_Repaly  esp8266.o
    0x08002414   0x08002414   0x00000414   Code   RO           45    .text.ESP8266_Parse_OneNET_Property  esp8266.o
    0x08002828   0x08002828   0x0000000a   Code   RO           81    .text.Error_Handler  main.o
    0x08002832   0x08002832   0x00000002   PAD
    0x08002834   0x08002834   0x00000046   Code   RO          664    .text.HAL_DMA_Abort  stm32f1xx_hal_dma.o
    0x0800287a   0x0800287a   0x00000002   PAD
    0x0800287c   0x0800287c   0x000000b6   Code   RO          666    .text.HAL_DMA_Abort_IT  stm32f1xx_hal_dma.o
    0x08002932   0x08002932   0x00000002   PAD
    0x08002934   0x08002934   0x00000028   Code   RO          540    .text.HAL_Delay     stm32f1xx_hal.o
    0x0800295c   0x0800295c   0x0000020e   Code   RO          632    .text.HAL_GPIO_Init  stm32f1xx_hal_gpio.o
    0x08002b6a   0x08002b6a   0x00000002   PAD
    0x08002b6c   0x08002b6c   0x0000000a   Code   RO          638    .text.HAL_GPIO_WritePin  stm32f1xx_hal_gpio.o
    0x08002b76   0x08002b76   0x00000002   PAD
    0x08002b78   0x08002b78   0x0000000c   Code   RO          532    .text.HAL_GetTick   stm32f1xx_hal.o
    0x08002b84   0x08002b84   0x0000001a   Code   RO          530    .text.HAL_IncTick   stm32f1xx_hal.o
    0x08002b9e   0x08002b9e   0x00000002   PAD
    0x08002ba0   0x08002ba0   0x00000026   Code   RO          520    .text.HAL_Init      stm32f1xx_hal.o
    0x08002bc6   0x08002bc6   0x00000002   PAD
    0x08002bc8   0x08002bc8   0x00000048   Code   RO          522    .text.HAL_InitTick  stm32f1xx_hal.o
    0x08002c10   0x08002c10   0x00000042   Code   RO          178    .text.HAL_MspInit   stm32f1xx_hal_msp.o
    0x08002c52   0x08002c52   0x00000002   PAD
    0x08002c54   0x08002c54   0x00000022   Code   RO          692    .text.HAL_NVIC_EnableIRQ  stm32f1xx_hal_cortex.o
    0x08002c76   0x08002c76   0x00000002   PAD
    0x08002c78   0x08002c78   0x00000056   Code   RO          690    .text.HAL_NVIC_SetPriority  stm32f1xx_hal_cortex.o
    0x08002cce   0x08002cce   0x00000002   PAD
    0x08002cd0   0x08002cd0   0x00000020   Code   RO          688    .text.HAL_NVIC_SetPriorityGrouping  stm32f1xx_hal_cortex.o
    0x08002cf0   0x08002cf0   0x000001ba   Code   RO          584    .text.HAL_RCC_ClockConfig  stm32f1xx_hal_rcc.o
    0x08002eaa   0x08002eaa   0x00000002   PAD
    0x08002eac   0x08002eac   0x00000026   Code   RO          596    .text.HAL_RCC_GetPCLK1Freq  stm32f1xx_hal_rcc.o
    0x08002ed2   0x08002ed2   0x00000002   PAD
    0x08002ed4   0x08002ed4   0x00000026   Code   RO          598    .text.HAL_RCC_GetPCLK2Freq  stm32f1xx_hal_rcc.o
    0x08002efa   0x08002efa   0x00000002   PAD
    0x08002efc   0x08002efc   0x00000400   Code   RO          582    .text.HAL_RCC_OscConfig  stm32f1xx_hal_rcc.o
    0x080032fc   0x080032fc   0x0000002c   Code   RO          700    .text.HAL_SYSTICK_Config  stm32f1xx_hal_cortex.o
    0x08003328   0x08003328   0x00000002   Code   RO          506    .text.HAL_TIMEx_BreakCallback  stm32f1xx_hal_tim_ex.o
    0x0800332a   0x0800332a   0x00000002   PAD
    0x0800332c   0x0800332c   0x00000002   Code   RO          502    .text.HAL_TIMEx_CommutCallback  stm32f1xx_hal_tim_ex.o
    0x0800332e   0x0800332e   0x00000002   PAD
    0x08003330   0x08003330   0x0000007e   Code   RO          496    .text.HAL_TIMEx_MasterConfigSynchronization  stm32f1xx_hal_tim_ex.o
    0x080033ae   0x080033ae   0x00000002   PAD
    0x080033b0   0x080033b0   0x000000fa   Code   RO          201    .text.HAL_TIM_Base_Init  stm32f1xx_hal_tim.o
    0x080034aa   0x080034aa   0x00000002   PAD
    0x080034ac   0x080034ac   0x0000009a   Code   RO          110    .text.HAL_TIM_Base_MspInit  tim.o
    0x08003546   0x08003546   0x00000002   PAD
    0x08003548   0x08003548   0x000001a0   Code   RO          381    .text.HAL_TIM_ConfigClockSource  stm32f1xx_hal_tim.o
    0x080036e8   0x080036e8   0x00000002   Code   RO           83    .text.HAL_TIM_IC_CaptureCallback  main.o
    0x080036ea   0x080036ea   0x00000002   PAD
    0x080036ec   0x080036ec   0x0000014e   Code   RO          335    .text.HAL_TIM_IRQHandler  stm32f1xx_hal_tim.o
    0x0800383a   0x0800383a   0x00000002   PAD
    0x0800383c   0x0800383c   0x00000002   Code   RO          339    .text.HAL_TIM_OC_DelayElapsedCallback  stm32f1xx_hal_tim.o
    0x0800383e   0x0800383e   0x00000002   PAD
    0x08003840   0x08003840   0x00000002   Code   RO          341    .text.HAL_TIM_PWM_PulseFinishedCallback  stm32f1xx_hal_tim.o
    0x08003842   0x08003842   0x00000002   PAD
    0x08003844   0x08003844   0x00000002   Code   RO           75    .text.HAL_TIM_PeriodElapsedCallback  main.o
    0x08003846   0x08003846   0x00000002   PAD
    0x08003848   0x08003848   0x00000002   Code   RO          345    .text.HAL_TIM_TriggerCallback  stm32f1xx_hal_tim.o
    0x0800384a   0x0800384a   0x00000002   PAD
    0x0800384c   0x0800384c   0x00000002   Code   RO          937    .text.HAL_UARTEx_RxEventCallback  stm32f1xx_hal_uart.o
    0x0800384e   0x0800384e   0x00000002   PAD
    0x08003850   0x08003850   0x00000002   Code   RO          927    .text.HAL_UART_AbortReceiveCpltCallback  stm32f1xx_hal_uart.o
    0x08003852   0x08003852   0x00000002   PAD
    0x08003854   0x08003854   0x00000174   Code   RO          923    .text.HAL_UART_AbortReceive_IT  stm32f1xx_hal_uart.o
    0x080039c8   0x080039c8   0x00000002   Code   RO          935    .text.HAL_UART_ErrorCallback  stm32f1xx_hal_uart.o
    0x080039ca   0x080039ca   0x00000002   PAD
    0x080039cc   0x080039cc   0x00000570   Code   RO          929    .text.HAL_UART_IRQHandler  stm32f1xx_hal_uart.o
    0x08003f3c   0x08003f3c   0x000000e2   Code   RO          853    .text.HAL_UART_Init  stm32f1xx_hal_uart.o
    0x0800401e   0x0800401e   0x00000002   PAD
    0x08004020   0x08004020   0x000000d6   Code   RO          129    .text.HAL_UART_MspInit  usart.o
    0x080040f6   0x080040f6   0x00000002   PAD
    0x080040f8   0x080040f8   0x00000054   Code   RO          873    .text.HAL_UART_Receive_IT  stm32f1xx_hal_uart.o
    0x0800414c   0x0800414c   0x00000096   Code   RO           11    .text.HAL_UART_RxCpltCallback  esp8266.o
    0x080041e2   0x080041e2   0x00000002   PAD
    0x080041e4   0x080041e4   0x00000192   Code   RO          867    .text.HAL_UART_Transmit  stm32f1xx_hal_uart.o
    0x08004376   0x08004376   0x00000002   PAD
    0x08004378   0x08004378   0x0000003e   Code   RO          871    .text.HAL_UART_Transmit_IT  stm32f1xx_hal_uart.o
    0x080043b6   0x080043b6   0x00000002   PAD
    0x080043b8   0x080043b8   0x00000002   Code   RO          939    .text.HAL_UART_TxCpltCallback  stm32f1xx_hal_uart.o
    0x080043ba   0x080043ba   0x00000002   PAD
    0x080043bc   0x080043bc   0x00000002   Code   RO          145    .text.HardFault_Handler  stm32f1xx_it.o
    0x080043be   0x080043be   0x00000002   PAD
    0x080043c0   0x080043c0   0x000000ea   Code   RO           95    .text.MX_GPIO_Init  gpio.o
    0x080044aa   0x080044aa   0x00000002   PAD
    0x080044ac   0x080044ac   0x00000070   Code   RO          104    .text.MX_TIM2_Init  tim.o
    0x0800451c   0x0800451c   0x00000074   Code   RO          106    .text.MX_TIM3_Init  tim.o
    0x08004590   0x08004590   0x00000078   Code   RO          108    .text.MX_TIM4_Init  tim.o
    0x08004608   0x08004608   0x0000003c   Code   RO          125    .text.MX_USART1_UART_Init  usart.o
    0x08004644   0x08004644   0x0000003c   Code   RO          127    .text.MX_USART2_UART_Init  usart.o
    0x08004680   0x08004680   0x00000002   Code   RO          147    .text.MemManage_Handler  stm32f1xx_it.o
    0x08004682   0x08004682   0x00000002   PAD
    0x08004684   0x08004684   0x00000002   Code   RO          143    .text.NMI_Handler   stm32f1xx_it.o
    0x08004686   0x08004686   0x00000002   PAD
    0x08004688   0x08004688   0x00000002   Code   RO          157    .text.PendSV_Handler  stm32f1xx_it.o
    0x0800468a   0x0800468a   0x00000002   PAD
    0x0800468c   0x0800468c   0x00000002   Code   RO          153    .text.SVC_Handler   stm32f1xx_it.o
    0x0800468e   0x0800468e   0x00000002   PAD
    0x08004690   0x08004690   0x00000004   Code   RO          159    .text.SysTick_Handler  stm32f1xx_it.o
    0x08004694   0x08004694   0x00000002   Code   RO          973    .text.SystemInit    system_stm32f1xx.o
    0x08004696   0x08004696   0x00000002   PAD
    0x08004698   0x08004698   0x0000000c   Code   RO          161    .text.TIM2_IRQHandler  stm32f1xx_it.o
    0x080046a4   0x080046a4   0x0000000c   Code   RO          163    .text.TIM3_IRQHandler  stm32f1xx_it.o
    0x080046b0   0x080046b0   0x0000000c   Code   RO          165    .text.TIM4_IRQHandler  stm32f1xx_it.o
    0x080046bc   0x080046bc   0x00000068   Code   RO           13    .text.UART2_Debug_Print  esp8266.o
    0x08004724   0x08004724   0x0000000c   Code   RO          933    .text.UART_DMAAbortOnError  stm32f1xx_hal_uart.o
    0x08004730   0x08004730   0x00000012   Code   RO          925    .text.UART_DMARxOnlyAbortCallback  stm32f1xx_hal_uart.o
    0x08004742   0x08004742   0x00000002   PAD
    0x08004744   0x08004744   0x000000fe   Code   RO          931    .text.UART_Receive_IT  stm32f1xx_hal_uart.o
    0x08004842   0x08004842   0x00000002   PAD
    0x08004844   0x08004844   0x0000000c   Code   RO          167    .text.USART1_IRQHandler  stm32f1xx_it.o
    0x08004850   0x08004850   0x0000000c   Code   RO          169    .text.USART2_IRQHandler  stm32f1xx_it.o
    0x0800485c   0x0800485c   0x00000002   Code   RO          151    .text.UsageFault_Handler  stm32f1xx_it.o
    0x0800485e   0x0800485e   0x00000002   PAD
    0x08004860   0x08004860   0x0000019c   Code   RO           77    .text.main          main.o
    0x080049fc   0x080049fc   0x00000148   Code   RO           47    .text.main_loop_task  esp8266.o
    0x08004b44   0x08004b44   0x0000003e   Code   RO         1178    CL$$btod_d2e        c_w.l(btod.o)
    0x08004b82   0x08004b82   0x00000046   Code   RO         1180    CL$$btod_d2e_denorm_low  c_w.l(btod.o)
    0x08004bc8   0x08004bc8   0x00000060   Code   RO         1179    CL$$btod_d2e_norm_op1  c_w.l(btod.o)
    0x08004c28   0x08004c28   0x00000338   Code   RO         1188    CL$$btod_div_common  c_w.l(btod.o)
    0x08004f60   0x08004f60   0x000000dc   Code   RO         1185    CL$$btod_e2e        c_w.l(btod.o)
    0x0800503c   0x0800503c   0x0000002a   Code   RO         1182    CL$$btod_ediv       c_w.l(btod.o)
    0x08005066   0x08005066   0x0000002a   Code   RO         1181    CL$$btod_emul       c_w.l(btod.o)
    0x08005090   0x08005090   0x00000244   Code   RO         1187    CL$$btod_mult_common  c_w.l(btod.o)
    0x080052d4   0x080052d4   0x00000028   Code   RO         1219    i.__ARM_fpclassify  m_ws.l(fpclassify.o)
    0x080052fc   0x080052fc   0x0000000e   Code   RO         1011    i._is_digit         c_w.l(__printf_wp.o)
    0x0800530a   0x0800530a   0x00000002   PAD
    0x0800530c   0x0800530c   0x0000002c   Code   RO         1203    locale$$code        c_w.l(lc_ctype_c.o)
    0x08005338   0x08005338   0x0000002c   Code   RO         1206    locale$$code        c_w.l(lc_numeric_c.o)
    0x08005364   0x08005364   0x00000004   Code   RO         1119    x$fpl$printf1       fz_ws.l(printf1.o)
    0x08005368   0x08005368   0x00000004   Code   RO         1121    x$fpl$printf2       fz_ws.l(printf2.o)
    0x0800536c   0x0800536c   0x00000000   Code   RO         1218    x$fpl$usenofp       fz_ws.l(usenofp.o)
    0x0800536c   0x0800536c   0x00000011   Data   RO         1019    .constdata          c_w.l(__printf_flags_ss_wp.o)
    0x0800537d   0x0800537d   0x00000003   PAD
    0x08005380   0x08005380   0x00000008   Data   RO         1065    .constdata          c_w.l(_printf_wctomb.o)
    0x08005388   0x08005388   0x00000028   Data   RO         1094    .constdata          c_w.l(_printf_hex_int_ll_ptr.o)
    0x080053b0   0x080053b0   0x00000026   Data   RO         1154    .constdata          c_w.l(_printf_fp_hex.o)
    0x080053d6   0x080053d6   0x00000002   PAD
    0x080053d8   0x080053d8   0x00000094   Data   RO         1176    .constdata          c_w.l(bigflt0.o)
    0x0800546c   0x0800546c   0x00000010   Data   RO          978    .rodata.AHBPrescTable  system_stm32f1xx.o
    0x0800547c   0x0800547c   0x00000008   Data   RO          979    .rodata.APBPrescTable  system_stm32f1xx.o
    0x08005484   0x08005484   0x00000002   Data   RO          609    .rodata.HAL_RCC_GetSysClockFreq.aPredivFactorTable  stm32f1xx_hal_rcc.o
    0x08005486   0x08005486   0x00000010   Data   RO          608    .rodata.cst16       stm32f1xx_hal_rcc.o
    0x08005496   0x08005496   0x00000c2b   Data   RO           64    .rodata.str1.1      esp8266.o
    0x080060c1   0x080060c1   0x00000003   PAD
    0x080060c4   0x080060c4   0x00000020   Data   RO         1358    Region$$Table       anon$$obj.o
    0x080060e4   0x080060e4   0x00000110   Data   RO         1202    locale$$data        c_w.l(lc_ctype_c.o)
    0x080061f4   0x080061f4   0x0000001c   Data   RO         1205    locale$$data        c_w.l(lc_numeric_c.o)


    Execution Region RW_IRAM1 (Exec base: 0x20000000, Load base: 0x08006210, Size: 0x000014f0, Max: 0x00005000, ABSOLUTE)

    Exec Addr    Load Addr    Size         Type   Attr      Idx    E Section Name        Object

    0x20000000   0x08006210   0x00000008   Data   RW          571    .data..L_MergedGlobals  stm32f1xx_hal.o
    0x20000008   0x08006218   0x00000004   Data   RW          977    .data.SystemCoreClock  system_stm32f1xx.o
    0x2000000c   0x0800621c   0x00000004   PAD
    0x20000010        -       0x00000060   Zero   RW         1128    .bss                c_w.l(libspace.o)
    0x20000070        -       0x00000008   Zero   RW           86    .bss..L_MergedGlobals  main.o
    0x20000078        -       0x00000008   Zero   RW           62    .bss.g_OneNET_Property_Data  esp8266.o
    0x20000080        -       0x00000048   Zero   RW          114    .bss.htim2          tim.o
    0x200000c8        -       0x00000048   Zero   RW          115    .bss.htim3          tim.o
    0x20000110        -       0x00000048   Zero   RW          116    .bss.htim4          tim.o
    0x20000158        -       0x00000048   Zero   RW          133    .bss.huart1         usart.o
    0x200001a0        -       0x00000048   Zero   RW          134    .bss.huart2         usart.o
    0x200001e8        -       0x00000402   Zero   RW           63    .bss.strEsp8266_Fram_Record  esp8266.o
    0x200005ea        -       0x00000100   Zero   RW           61    .bss.subscribe      esp8266.o
    0x200006ea        -       0x00000200   Zero   RW           60    .bss.tx_buffer      esp8266.o
    0x200008ea   0x0800621c   0x00000002   PAD
    0x200008ec        -       0x00000200   Zero   RW           58    .bss.uart1_tx_buffer  esp8266.o
    0x20000aec        -       0x00000400   Zero   RW           59    .bss.uart2_tx_buffer  esp8266.o
    0x20000eec        -       0x00000004   Zero   RW          570    .bss.uwTick         stm32f1xx_hal.o
    0x20000ef0        -       0x00000200   Zero   RW            2    HEAP                startup_stm32f103xb.o
    0x200010f0        -       0x00000400   Zero   RW            1    STACK               startup_stm32f103xb.o


==============================================================================

Image component sizes


      Code (inc. data)   RO Data    RW Data    ZI Data      Debug   Object Name

      5060       1196       3115          0       3338      21784   esp8266.o
       234          0          0          0          0       1641   gpio.o
       426         36          0          0          8       6568   main.o
        64         26        236          0       1536        796   startup_stm32f103xb.o
       188          0          0          8          4       5784   stm32f1xx_hal.o
       196          0          0          0          0       8439   stm32f1xx_hal_cortex.o
       252          0          0          0          0       8587   stm32f1xx_hal_dma.o
       536         22          0          0          0       4781   stm32f1xx_hal_gpio.o
        66          0          0          0          0       1225   stm32f1xx_hal_msp.o
      1542          0         18          0          0       8092   stm32f1xx_hal_rcc.o
      1006          0          0          0          0      58596   stm32f1xx_hal_tim.o
       130          0          0          0          0      21237   stm32f1xx_hal_tim_ex.o
      2830          0          0          0          0      33177   stm32f1xx_hal_uart.o
        80          0          0          0          0       5884   stm32f1xx_it.o
         2          0         24          4          0       1603   system_stm32f1xx.o
       502          0          0          0        216       6676   tim.o
       334          0          0          0        144       5836   usart.o

    ----------------------------------------------------------------------
     13540       1280       3428         12       5252     200706   Object Totals
         0          0         32          0          0          0   (incl. Generated)
        92          0          3          0          6          0   (incl. Padding)

    ----------------------------------------------------------------------

      Code (inc. data)   RO Data    RW Data    ZI Data      Debug   Library Member Name

        64          6          0          0          0         84   __2snprintf.o
         8          0          0          0          0         68   __main.o
       392          4         17          0          0         92   __printf_flags_ss_wp.o
        14          0          0          0          0         68   __printf_wp.o
         0          0          0          0          0          0   __rtentry.o
        12          0          0          0          0          0   __rtentry2.o
         6          0          0          0          0          0   __rtentry4.o
        94          8          0          0          0          0   __scatter.o
        26          0          0          0          0          0   __scatter_copy.o
        28          0          0          0          0          0   __scatter_zi.o
        72          0          0          0          0         96   _c16rtomb.o
        28          0          0          0          0         68   _chval.o
         6          0          0          0          0          0   _printf_a.o
         6          0          0          0          0          0   _printf_c.o
        44          0          0          0          0        108   _printf_char.o
        48          6          0          0          0         96   _printf_char_common.o
        40          0          0          0          0         68   _printf_charcount.o
         6          0          0          0          0          0   _printf_d.o
       120         16          0          0          0         92   _printf_dec.o
         6          0          0          0          0          0   _printf_e.o
         6          0          0          0          0          0   _printf_f.o
      1052          0          0          0          0        148   _printf_fp_dec.o
       764          8         38          0          0        100   _printf_fp_hex.o
       128         16          0          0          0         84   _printf_fp_infnan.o
         6          0          0          0          0          0   _printf_g.o
       148          4         40          0          0        160   _printf_hex_int_ll_ptr.o
         6          0          0          0          0          0   _printf_i.o
       178          0          0          0          0         88   _printf_intcommon.o
        10          0          0          0          0          0   _printf_l.o
         6          0          0          0          0          0   _printf_lc.o
        10          0          0          0          0          0   _printf_ll.o
         6          0          0          0          0          0   _printf_lld.o
         6          0          0          0          0          0   _printf_lli.o
         6          0          0          0          0          0   _printf_llo.o
         6          0          0          0          0          0   _printf_llu.o
         6          0          0          0          0          0   _printf_llx.o
       124         16          0          0          0         92   _printf_longlong_dec.o
         6          0          0          0          0          0   _printf_ls.o
         6          0          0          0          0          0   _printf_n.o
         6          0          0          0          0          0   _printf_o.o
       112          8          0          0          0        124   _printf_oct_int_ll.o
         6          0          0          0          0          0   _printf_p.o
        78          0          0          0          0        108   _printf_pad.o
         0          0          0          0          0          0   _printf_percent.o
         4          0          0          0          0          0   _printf_percent_end.o
         6          0          0          0          0          0   _printf_s.o
        82          0          0          0          0         80   _printf_str.o
        36          0          0          0          0         84   _printf_truncate.o
         6          0          0          0          0          0   _printf_u.o
        44          0          0          0          0        108   _printf_wchar.o
       188          6          8          0          0         92   _printf_wctomb.o
         6          0          0          0          0          0   _printf_x.o
        16          0          0          0          0         68   _snputc.o
       158          0          0          0          0         92   _strtoul.o
        26          0          0          0          0         80   atoi.o
       228          4        148          0          0         96   bigflt0.o
      1936        128          0          0          0        668   btod.o
        18          0          0          0          0         80   exit.o
         6          0          0          0          0        152   heapauxi.o
         0          0          0          0          0          0   indicate_semi.o
        44         10        272          0          0         76   lc_ctype_c.o
        44         10         28          0          0         76   lc_numeric_c.o
         2          0          0          0          0          0   libinit.o
        30          0          0          0          0          0   libinit2.o
         2          0          0          0          0          0   libshutdown.o
         2          0          0          0          0          0   libshutdown2.o
         8          4          0          0         96         68   libspace.o
       138          0          0          0          0         80   lludiv10.o
        16          4          0          0          0         76   rt_ctype_table.o
         8          4          0          0          0         68   rt_errno_addr_intlibspace.o
         8          4          0          0          0         68   rt_locale_intlibspace.o
        68          0          0          0          0         68   rt_memclr.o
        78          0          0          0          0         80   rt_memclr_w.o
         2          0          0          0          0          0   rtexit.o
        10          0          0          0          0          0   rtexit2.o
        20          0          0          0          0         68   strchr.o
       128          0          0          0          0         68   strcmpv7m.o
        62          0          0          0          0         76   strlen.o
        86          0          0          0          0         76   strncpy.o
        36          0          0          0          0         80   strstr.o
       112          0          0          0          0         88   strtol.o
        12          4          0          0          0         68   sys_exit.o
        74          0          0          0          0         80   sys_stackheap_outer.o
         2          0          0          0          0         68   use_no_semi.o
        60          4          0          0          0         80   vsnprintf.o
         4          0          0          0          0         68   printf1.o
         4          0          0          0          0         68   printf2.o
         0          0          0          0          0          0   usenofp.o
        40          0          0          0          0         68   fpclassify.o

    ----------------------------------------------------------------------
      7580        274        556          0         96       4960   Library Totals
        18          0          5          0          0          0   (incl. Padding)

    ----------------------------------------------------------------------

      Code (inc. data)   RO Data    RW Data    ZI Data      Debug   Library Name

      7514        274        551          0         96       4756   c_w.l
         8          0          0          0          0        136   fz_ws.l
        40          0          0          0          0         68   m_ws.l

    ----------------------------------------------------------------------
      7580        274        556          0         96       4960   Library Totals

    ----------------------------------------------------------------------

==============================================================================


      Code (inc. data)   RO Data    RW Data    ZI Data      Debug   

     21120       1554       3984         12       5348     202674   Grand Totals
     21120       1554       3984         12       5348     202674   ELF Image Totals
     21120       1554       3984         12          0          0   ROM Totals

==============================================================================

    Total RO  Size (Code + RO Data)                25104 (  24.52kB)
    Total RW  Size (RW Data + ZI Data)              5360 (   5.23kB)
    Total ROM Size (Code + RO Data + RW Data)      25116 (  24.53kB)

==============================================================================

